
arid-calf login: mendel
Password: 
Last login: Thu Jun  2 16:55:18 UTC 2022 from 192.168.100.97 on pts/0
Linux arid-calf 4.14.98-imx #1 SMP PREEMPT Tue Nov 2 02:55:21 UTC 2021 aarch64

The programs included with the Mendel GNU/Linux system are free software;
the exact distribution terms for each program are described in the
individual files in /usr/share/doc/*/copyright.

Mendel GNU/Linux comes with ABSOLUTELY NO WARRANTY, to the extent
permitted by applicable law.
mendel@arid-calf:~$ ls
best.480_640-int8_no_subgraphs_edgetpu.tflite
best.480_640-int8_no_subgraphs_edgetputflite
best.480_640-int8_with_subgraphs_edgetpu.tflite
best.512_512-int8_edgetpu.tflite
best-int8_edgetpu.tflite
bug
coral_inference.py
corla_inference.py
demo_files
efficientdet_lite0_320_ptq_edgetpu.tflite
efficientdet_lite3x_640_ptq_edgetpu.tflite
efficientdet-lite-salad_edgetpu.tflite
gpio_test2.py
img0000.jpg
img0001.jpg
img0002.jpg
img0003.jpg
img0004.jpg
inference_stress_test
LICENSE
myservice.service
output.avi
quantized_model_edgetpu.tflite
README.md
snapshot_test.py
test.py
test_service.sh
tf2_ssd_mobilenet_v2_coco17_ptq_edgetpu.tflite
yolov5s-int8_110ops_edgetpu.tflite
yolov5s-int8_120ops_edgetpu.tflite
yolov5s-int8_18ops_edgetpu.tflite
yolov5s-int8_207ops_edgetpu.tflite
yolov5s-int8_23ops_edgetpu.tflite
yolov5s-int8_51ops_edgetpu.tflite
yolov5s-int8_640_480_edgetpu.tflite
yolov5s-int8_6ops_edgetpu.tflite
yolov5s-int8_86ops_edgetpu.tflite
yolov5s-int8_edgetpu.tflite
yolov5s-int8_no_reshape_edgetpu.tflite
yolov5s-int8_reshape2_edgetpu.tflite
yolov5s-int8_resize_bilinear2_edgetpu.tflite
yolov5s-int8_resize_bilinerar1_edgetpu.tflite
yolov5s-int8_subgrpahs_edgetpu.tflite
yolov5s-int8_with_conv2d_edgetpu.tflite
yolov5s-int8_without_conv2d_edgetpu.tflite
mendel@arid-calf:~$ sudo reboot now
[ 2083.586969] watchdog: watchdog0: watchdog did not stop!
[ 2083.610201] systemd-shutdow: 47 output lines suppressed due to ratelimiting
[ 2083.664767] systemd-shutdown[1]: Syncing filesystems and block devices.
[ 2083.688008] systemd-shutdown[1]: Sending SIGTERM to remaining processes...
[ 2083.704933] systemd-journald[2048]: Received SIGTERM from PID 1 (systemd-shutdow).
[ 2083.754823] systemd-shutdown[1]: Sending SIGKILL to remaining processes...
[ 2083.776821] systemd-shutdown[1]: Hardware watchdog 'imx2+ watchdog', version 0
[ 2083.789061] systemd-shutdown[1]: Unmounting file systems.
[ 2083.800383] [4270]: Remounting '/' read-only in with options 'data=ordered'.
[ 2083.824274] EXT4-fs (mmcblk0p4): re-mounted. Opts: data=ordered
[ 2083.845685] systemd-shutdown[1]: All filesystems unmounted.
[ 2083.854780] systemd-shutdown[1]: Deactivating swaps.
[ 2083.863307] systemd-shutdown[1]: All swaps deactivated.
[ 2083.872120] systemd-shutdown[1]: Detaching loop devices.
[ 2083.883213] systemd-shutdown[1]: All loop devices detached.
[ 2083.901140] kvm: exiting hardware virtualization
[ 2083.951011] imx2-wdt 30280000.wdog: Device shutdown: Expect reboot!
[ 2083.977830] reboot: Restarting system with command 'now'

U-Boot SPL 2019.04.1 (Sep 30 2021 - 17:13:18 +0000)
power_bd71837_init
Board id: 2
DDRINFO: start DRAM init
DDRINFO:ddrphy calibration done
DDRINFO: ddrmix config done
Normal Boot
Trying to boot from MMC1
hdr read sector 300, count=1


U-Boot 2019.04.1 (Sep 30 2021 - 17:13:18 +0000), Build: jenkins-enterprise.uboot-imx-2

CPU:   Freescale i.MX8MQ rev2.1 1500 MHz (running at 1000 MHz)
CPU:   Commercial temperature grade (0C to 95C) at 57C
Reset cause: POR
Model: Freescale i.MX8MQ Phanbell
DRAM:  1 GiB
MMC:   FSL_SDHC: 0, FSL_SDHC: 1
Loading Environment from MMC... *** Warning - bad CRC, using default environment

In:    serial
Out:   serial
Err:   serial

 BuildInfo:
  - ATF 
  - U-Boot 2019.04.1

flash target is MMC:0
Net:   
Warning: ethernet@30be0000 using MAC address from ROM
eth0: ethernet@30be0000
Fastboot: Normal
Normal Boot
Hit any key to stop autoboot:  0 
u-boot=> setenv othbootargs gasket.dma_bit_mask=32
u-boot=> printenv othbootargs
othbootargs=gasket.dma_bit_mask=32
u-boot=> saveenv
Saving Environment to MMC... Writing to MMC(0)... OK
u-boot=> boot
2065 bytes read in 6 ms (335.9 KiB/s)
## Executing script at 40480000
23110144 bytes read in 488 ms (45.2 MiB/s)
56820 bytes read in 12 ms (4.5 MiB/s)
104 bytes read in 3 ms (33.2 KiB/s)
## Error: "m4enabled" not defined
## Flattened Device Tree blob at 43000000
   Booting using the fdt blob at 0x43000000
   Using Device Tree in place at 0000000043000000, end 0000000043010fff

Starting kernel ...

[    0.000000] Booting Linux on physical CPU 0x0
[    0.000000] Linux version 4.14.98-imx (pbuilder@linux-imx-7c598330-766d-4b03-a12e-333509ed9db6-d1dc9-rtjkh) (gcc version 8.3.0 (Debian 8.3.0-2)) #1 SMP PREEMPT Tue Nov 2 02:55:21 UTC 2021
[    0.000000] Boot CPU: AArch64 Processor [410fd034]
[    0.000000] Machine model: Freescale i.MX8MQ Phanbell
[    0.000000] earlycon: ec_imx6q0 at MMIO 0x0000000030860000 (options '115200')
[    0.000000] bootconsole [ec_imx6q0] enabled
[    0.000000] efi: Getting EFI parameters from FDT:
[    0.000000] efi: UEFI not found.
[    0.000000] Reserved memory: created CMA memory pool at 0x000000006c000000, size 320 MiB
[    0.000000] OF: reserved mem: initialized node linux,cma, compatible id shared-dma-pool
[    0.000000] NUMA: No NUMA configuration found
[    0.000000] NUMA: Faking a node at [mem 0x0000000000000000-0x000000007fffffff]
[    0.000000] NUMA: NODE_DATA [mem 0x6bfb2400-0x6bfb41ff]
[    0.000000] Zone ranges:
[    0.000000]   DMA      [mem 0x0000000040000000-0x000000007fffffff]
[    0.000000]   Normal   empty
[    0.000000] Movable zone start for each node
[    0.000000] Early memory node ranges
[    0.000000]   node   0: [mem 0x0000000040000000-0x000000007fffffff]
[    0.000000] Initmem setup node 0 [mem 0x0000000040000000-0x000000007fffffff]
[    0.000000] psci: probing for conduit method from DT.
[    0.000000] psci: PSCIv1.1 detected in firmware.
[    0.000000] psci: Using standard PSCI v0.2 function IDs
[    0.000000] psci: MIGRATE_INFO_TYPE not supported.
[    0.000000] psci: SMC Calling Convention v1.1
[    0.000000] percpu: Embedded 24 pages/cpu @ffff80002bf4d000 s57624 r8192 d32488 u98304
[    0.000000] Detected VIPT I-cache on CPU0
[    0.000000] CPU features: enabling workaround for ARM erratum 845719
[    0.000000] Speculative Store Bypass Disable mitigation not required
[    0.000000] Built 1 zonelists, mobility grouping on.  Total pages: 258048
[    0.000000] Policy zone: DMA
[    0.000000] Kernel command line: console=ttymxc0,115200 console=tty0 earlycon=ec_imx6q,0x30860000,115200 root=PARTUUID=70672ec3-5eee-49ff-b3b1-eb1fbd406bf5 rootfstype=ext4 rw rootwait init=/sbin/init net.ifnames=0 pci=pcie_bus_perf
[    0.000000] PID hash table entries: 4096 (order: 3, 32768 bytes)
[    0.000000] Memory: 680676K/1048576K available (13244K kernel code, 1768K rwdata, 6220K rodata, 1280K init, 432K bss, 40220K reserved, 327680K cma-reserved)
[    0.000000] Virtual kernel memory layout:
[    0.000000]     modules : 0xffff000000000000 - 0xffff000008000000   (   128 MB)
[    0.000000]     vmalloc : 0xffff000008000000 - 0xffff7dffbfff0000   (129022 GB)
[    0.000000]       .text : 0xffff000008080000 - 0xffff000008d70000   ( 13248 KB)
[    0.000000]     .rodata : 0xffff000008d70000 - 0xffff000009390000   (  6272 KB)
[    0.000000]       .init : 0xffff000009390000 - 0xffff0000094d0000   (  1280 KB)
[    0.000000]       .data : 0xffff0000094d0000 - 0xffff00000968a200   (  1769 KB)
[    0.000000]        .bss : 0xffff00000968a200 - 0xffff0000096f64a0   (   433 KB)
[    0.000000]     fixed   : 0xffff7dfffe7f9000 - 0xffff7dfffec00000   (  4124 KB)
[    0.000000]     PCI I/O : 0xffff7dfffee00000 - 0xffff7dffffe00000   (    16 MB)
[    0.000000]     vmemmap : 0xffff7e0000000000 - 0xffff800000000000   (  2048 GB maximum)
[    0.000000]               0xffff7e0000000000 - 0xffff7e0001000000   (    16 MB actual)
[    0.000000]     memory  : 0xffff800000000000 - 0xffff800040000000   (  1024 MB)
[    0.000000] SLUB: HWalign=64, Order=0-3, MinObjects=0, CPUs=4, Nodes=1
[    0.000000] Preemptible hierarchical RCU implementation.
[    0.000000]  RCU restricting CPUs from NR_CPUS=64 to nr_cpu_ids=4.
[    0.000000]  Tasks RCU enabled.
[    0.000000] RCU: Adjusting geometry for rcu_fanout_leaf=16, nr_cpu_ids=4
[    0.000000] NR_IRQS: 64, nr_irqs: 64, preallocated irqs: 0
[    0.000000] GICv3: GIC: Using split EOI/Deactivate mode
[    0.000000] GICv3: no VLPI support, no direct LPI support
[    0.000000] ITS: No ITS available, not enabling LPIs
[    0.000000] GICv3: CPU0: found redistributor 0 region 0:0x0000000038880000
[    0.000000] i.MX8MQ clock driver init done
[    0.000000] arch_timer: cp15 timer(s) running at 8.33MHz (phys).
[    0.000000] clocksource: arch_sys_counter: mask: 0xffffffffffffff max_cycles: 0x1ec0311ec, max_idle_ns: 440795202152 ns
[    0.000004] sched_clock: 56 bits at 8MHz, resolution 120ns, wraps every 2199023255541ns
[    0.008761] system counter timer init
[    0.011728] sched_clock: 56 bits at 8MHz, resolution 120ns, wraps every 2199023255541ns
[    0.019710] clocksource: imx sysctr: mask: 0xffffffffffffff max_cycles: 0x1ec0311ec, max_idle_ns: 440795202152 ns
[    0.031062] Console: colour dummy device 80x25
[    0.034446] console [tty0] enabled
[    0.037857] bootconsole [ec_imx6q0] disabled
[    0.000000] Booting Linux on physical CPU 0x0
[    0.000000] Linux version 4.14.98-imx (pbuilder@linux-imx-7c598330-766d-4b03-a12e-333509ed9db6-d1dc9-rtjkh) (gcc version 8.3.0 (Debian 8.3.0-2)) #1 SMP PREEMPT Tue Nov 2 02:55:21 UTC 2021
[    0.000000] Boot CPU: AArch64 Processor [410fd034]
[    0.000000] Machine model: Freescale i.MX8MQ Phanbell
[    0.000000] earlycon: ec_imx6q0 at MMIO 0x0000000030860000 (options '115200')
[    0.000000] bootconsole [ec_imx6q0] enabled
[    0.000000] efi: Getting EFI parameters from FDT:
[    0.000000] efi: UEFI not found.
[    0.000000] Reserved memory: created CMA memory pool at 0x000000006c000000, size 320 MiB
[    0.000000] OF: reserved mem: initialized node linux,cma, compatible id shared-dma-pool
[    0.000000] NUMA: No NUMA configuration found
[    0.000000] NUMA: Faking a node at [mem 0x0000000000000000-0x000000007fffffff]
[    0.000000] NUMA: NODE_DATA [mem 0x6bfb2400-0x6bfb41ff]
[    0.000000] Zone ranges:
[    0.000000]   DMA      [mem 0x0000000040000000-0x000000007fffffff]
[    0.000000]   Normal   empty
[    0.000000] Movable zone start for each node
[    0.000000] Early memory node ranges
[    0.000000]   node   0: [mem 0x0000000040000000-0x000000007fffffff]
[    0.000000] Initmem setup node 0 [mem 0x0000000040000000-0x000000007fffffff]
[    0.000000] psci: probing for conduit method from DT.
[    0.000000] psci: PSCIv1.1 detected in firmware.
[    0.000000] psci: Using standard PSCI v0.2 function IDs
[    0.000000] psci: MIGRATE_INFO_TYPE not supported.
[    0.000000] psci: SMC Calling Convention v1.1
[    0.000000] percpu: Embedded 24 pages/cpu @ffff80002bf4d000 s57624 r8192 d32488 u98304
[    0.000000] Detected VIPT I-cache on CPU0
[    0.000000] CPU features: enabling workaround for ARM erratum 845719
[    0.000000] Speculative Store Bypass Disable mitigation not required
[    0.000000] Built 1 zonelists, mobility grouping on.  Total pages: 258048
[    0.000000] Policy zone: DMA
[    0.000000] Kernel command line: console=ttymxc0,115200 console=tty0 earlycon=ec_imx6q,0x30860000,115200 root=PARTUUID=70672ec3-5eee-49ff-b3b1-eb1fbd406bf5 rootfstype=ext4 rw rootwait init=/sbin/init net.ifnames=0 pci=pcie_bus_perf
[    0.000000] PID hash table entries: 4096 (order: 3, 32768 bytes)
[    0.000000] Memory: 680676K/1048576K available (13244K kernel code, 1768K rwdata, 6220K rodata, 1280K init, 432K bss, 40220K reserved, 327680K cma-reserved)
[    0.000000] Virtual kernel memory layout:
[    0.000000]     modules : 0xffff000000000000 - 0xffff000008000000   (   128 MB)
[    0.000000]     vmalloc : 0xffff000008000000 - 0xffff7dffbfff0000   (129022 GB)
[    0.000000]       .text : 0xffff000008080000 - 0xffff000008d70000   ( 13248 KB)
[    0.000000]     .rodata : 0xffff000008d70000 - 0xffff000009390000   (  6272 KB)
[    0.000000]       .init : 0xffff000009390000 - 0xffff0000094d0000   (  1280 KB)
[    0.000000]       .data : 0xffff0000094d0000 - 0xffff00000968a200   (  1769 KB)
[    0.000000]        .bss : 0xffff00000968a200 - 0xffff0000096f64a0   (   433 KB)
[    0.000000]     fixed   : 0xffff7dfffe7f9000 - 0xffff7dfffec00000   (  4124 KB)
[    0.000000]     PCI I/O : 0xffff7dfffee00000 - 0xffff7dffffe00000   (    16 MB)
[    0.000000]     vmemmap : 0xffff7e0000000000 - 0xffff800000000000   (  2048 GB maximum)
[    0.000000]               0xffff7e0000000000 - 0xffff7e0001000000   (    16 MB actual)
[    0.000000]     memory  : 0xffff800000000000 - 0xffff800040000000   (  1024 MB)
[    0.000000] SLUB: HWalign=64, Order=0-3, MinObjects=0, CPUs=4, Nodes=1
[    0.000000] Preemptible hierarchical RCU implementation.
[    0.000000]  RCU restricting CPUs from NR_CPUS=64 to nr_cpu_ids=4.
[    0.000000]  Tasks RCU enabled.
[    0.000000] RCU: Adjusting geometry for rcu_fanout_leaf=16, nr_cpu_ids=4
[    0.000000] NR_IRQS: 64, nr_irqs: 64, preallocated irqs: 0
[    0.000000] GICv3: GIC: Using split EOI/Deactivate mode
[    0.000000] GICv3: no VLPI support, no direct LPI support
[    0.000000] ITS: No ITS available, not enabling LPIs
[    0.000000] GICv3: CPU0: found redistributor 0 region 0:0x0000000038880000
[    0.000000] i.MX8MQ clock driver init done
[    0.000000] arch_timer: cp15 timer(s) running at 8.33MHz (phys).
[    0.000000] clocksource: arch_sys_counter: mask: 0xffffffffffffff max_cycles: 0x1ec0311ec, max_idle_ns: 440795202152 ns
[    0.000004] sched_clock: 56 bits at 8MHz, resolution 120ns, wraps every 2199023255541ns
[    0.008761] system counter timer init
[    0.011728] sched_clock: 56 bits at 8MHz, resolution 120ns, wraps every 2199023255541ns
[    0.019710] clocksource: imx sysctr: mask: 0xffffffffffffff max_cycles: 0x1ec0311ec, max_idle_ns: 440795202152 ns
[    0.031062] Console: colour dummy device 80x25
[    0.034446] console [tty0] enabled
[    0.037857] bootconsole [ec_imx6q0] disabled
[    0.042170] Calibrating delay loop (skipped), value calculated using timer frequency.. 16.66 BogoMIPS (lpj=33333)
[    0.042192] pid_max: default: 32768 minimum: 301
[    0.042271] Security Framework initialized
[    0.042598] Dentry cache hash table entries: 131072 (order: 8, 1048576 bytes)
[    0.042766] Inode-cache hash table entries: 65536 (order: 7, 524288 bytes)
[    0.042796] Mount-cache hash table entries: 2048 (order: 2, 16384 bytes)
[    0.042816] Mountpoint-cache hash table entries: 2048 (order: 2, 16384 bytes)
[    0.058198] ASID allocator initialised with 32768 entries
[    0.066198] Hierarchical SRCU implementation.
[    0.074718] Cannot find MU entry in device tree
[    0.074868] CPU identified as i.MX8MQ, silicon rev 2.1
[    0.075761] EFI services will not be available.
[    0.082239] smp: Bringing up secondary CPUs ...
[    0.110379] Detected VIPT I-cache on CPU1
[    0.110404] GICv3: CPU1: found redistributor 1 region 0:0x00000000388a0000
[    0.110425] CPU1: Booted secondary processor [410fd034]
[    0.138435] Detected VIPT I-cache on CPU2
[    0.138451] GICv3: CPU2: found redistributor 2 region 0:0x00000000388c0000
[    0.138465] CPU2: Booted secondary processor [410fd034]
[    0.166506] Detected VIPT I-cache on CPU3
[    0.166522] GICv3: CPU3: found redistributor 3 region 0:0x00000000388e0000
[    0.166537] CPU3: Booted secondary processor [410fd034]
[    0.166747] smp: Brought up 1 node, 4 CPUs
[    0.166831] SMP: Total of 4 processors activated.
[    0.166844] CPU features: detected feature: GIC system register CPU interface
[    0.166859] CPU features: detected feature: 32-bit EL0 Support
[    0.166872] CPU features: detected feature: Kernel page table isolation (KPTI)
[    0.195992] CPU: All CPU(s) started at EL2
[    0.196169] alternatives: patching kernel code
[    0.197255] devtmpfs: initialized
[    0.204086] random: get_random_u32 called from bucket_table_alloc+0x104/0x268 with crng_init=0
[    0.205169] clocksource: jiffies: mask: 0xffffffff max_cycles: 0xffffffff, max_idle_ns: 7645041785100000 ns
[    0.205224] futex hash table entries: 1024 (order: 5, 131072 bytes)
[    0.213765] pinctrl core: initialized pinctrl subsystem
[    0.216383] DMI not present or invalid.
[    0.216846] NET: Registered protocol family 16
[    0.220427] cpuidle: using governor menu
[    0.221417] vdso: 2 pages (1 code @ ffff000008d76000, 1 data @ ffff0000094d4000)
[    0.221442] hw-breakpoint: found 6 breakpoint and 4 watchpoint registers.
[    0.228278] DMA: preallocated 256 KiB pool for atomic allocations
[    0.229567] Serial: AMBA PL011 UART driver
[    0.230003] imx rpmsg driver is registered.
[    0.237687] imx8mq-pinctrl 30330000.iomuxc: initialized IMX pinctrl driver
[    0.247282] MU is ready for cross core communication!
[    0.248830] virtio_rpmsg_bus virtio0: rpmsg host is online
[    0.271602] HugeTLB registered 2.00 MiB page size, pre-allocated 0 pages
[    0.280980] ACPI: Interpreter disabled.
[    0.804754] vgaarb: loaded
[    0.805281] SCSI subsystem initialized
[    0.806633] usbcore: registered new interface driver usbfs
[    0.806736] usbcore: registered new interface driver hub
[    0.807110] usbcore: registered new device driver usb
[    0.815666] bd71837 0-004b: Device ID=0xA2
[    0.815681] bd71837 0-004b: gpio_intr = 3 
[    0.815709] bd71837 0-004b: chip_irq=71 
[    0.847907] bd71837-pmic bd71837-pmic: regulator register name 'buck1'
[    0.876135] bd71837-pmic bd71837-pmic: regulator register name 'buck2'
[    0.896182] bd71837-pmic bd71837-pmic: regulator register name 'buck3'
[    0.916251] bd71837-pmic bd71837-pmic: regulator register name 'buck4'
[    0.936281] bd71837-pmic bd71837-pmic: regulator register name 'buck5'
[    0.952322] bd71837-pmic bd71837-pmic: regulator register name 'buck6'
[    0.968368] bd71837-pmic bd71837-pmic: regulator register name 'buck7'
[    0.984409] bd71837-pmic bd71837-pmic: regulator register name 'buck8'
[    1.000447] bd71837-pmic bd71837-pmic: regulator register name 'ldo1'
[    1.016489] bd71837-pmic bd71837-pmic: regulator register name 'ldo2'
[    1.020547] bd71837-pmic bd71837-pmic: regulator register name 'ldo3'
[    1.036541] bd71837-pmic bd71837-pmic: regulator register name 'ldo4'
[    1.052584] bd71837-pmic bd71837-pmic: regulator register name 'ldo5'
[    1.068632] bd71837-pmic bd71837-pmic: regulator register name 'ldo6'
[    1.084669] bd71837-pmic bd71837-pmic: regulator register name 'ldo7'
[    1.092460] random: fast init done
[    1.100717] bd71837-pmic bd71837-pmic: Buck1: DVS Run-Idle-Susp[900000 - 900000 - 800000].
[    1.112589] bd71837-pmic bd71837-pmic: Buck2: DVS Run-Idle-Susp[1000000 - 900000 - 0].
[    1.120609] bd71837-pmic bd71837-pmic: Buck3: DVS Run-Idle-Susp[900000 - 0 - 0].
[    1.124619] bd71837-pmic bd71837-pmic: Buck4: DVS Run-Idle-Susp[900000 - 0 - 0].
[    1.140816] i2c i2c-0: IMX I2C adapter registered
[    1.140835] i2c i2c-0: can't use DMA, using PIO instead.
[    1.141721] i2c i2c-1: IMX I2C adapter registered
[    1.141739] i2c i2c-1: can't use DMA, using PIO instead.
[    1.142409] i2c i2c-2: IMX I2C adapter registered
[    1.142426] i2c i2c-2: can't use DMA, using PIO instead.
[    1.143932] media: Linux media interface: v0.10
[    1.143973] Linux video capture interface: v2.00
[    1.144183] pps_core: LinuxPPS API ver. 1 registered
[    1.144197] pps_core: Software ver. 5.3.6 - Copyright 2005-2007 Rodolfo Giometti <giometti@linux.it>
[    1.144282] PTP clock support registered
[    1.144684] EDAC MC: Ver: 3.0.0
[    1.145504] dmi: Firmware registration failed.
[    1.146400] Advanced Linux Sound Architecture Driver Initialized.
[    1.147123] Bluetooth: Core ver 2.22
[    1.147209] NET: Registered protocol family 31
[    1.147221] Bluetooth: HCI device and connection manager initialized
[    1.147239] Bluetooth: HCI socket layer initialized
[    1.147254] Bluetooth: L2CAP socket layer initialized
[    1.147280] Bluetooth: SCO socket layer initialized
[    1.149022] clocksource: Switched to clocksource arch_sys_counter
[    1.149305] VFS: Disk quotas dquot_6.6.0
[    1.149360] VFS: Dquot-cache hash table entries: 512 (order 0, 4096 bytes)
[    1.149529] pnp: PnP ACPI: disabled
[    1.165949] NET: Registered protocol family 2
[    1.166483] TCP established hash table entries: 8192 (order: 4, 65536 bytes)
[    1.166584] TCP bind hash table entries: 8192 (order: 5, 131072 bytes)
[    1.166724] TCP: Hash tables configured (established 8192 bind 8192)
[    1.166807] UDP hash table entries: 512 (order: 2, 16384 bytes)
[    1.166848] UDP-Lite hash table entries: 512 (order: 2, 16384 bytes)
[    1.166964] NET: Registered protocol family 1
[    1.167973] RPC: Registered named UNIX socket transport module.
[    1.167988] RPC: Registered udp transport module.
[    1.168000] RPC: Registered tcp transport module.
[    1.168011] RPC: Registered tcp NFSv4.1 backchannel transport module.
[    1.169642] hw perfevents: enabled with armv8_pmuv3 PMU driver, 7 counters available
[    1.170240] kvm [1]: 8-bit VMID
[    1.171163] kvm [1]: GICv3: no GICV resource entry
[    1.171177] kvm [1]: disabling GICv2 emulation
[    1.171303] kvm [1]: GIC system register CPU interface enabled
[    1.171671] kvm [1]: vgic interrupt IRQ1
[    1.172105] kvm [1]: Hyp mode initialized successfully
[    1.180454] audit: initializing netlink subsys (disabled)
[    1.181047] audit: type=2000 audit(1.143:1): state=initialized audit_enabled=0 res=1
[    1.181327] workingset: timestamp_bits=44 max_order=18 bucket_order=0
[    1.191361] squashfs: version 4.0 (2009/01/31) Phillip Lougher
[    1.192528] NFS: Registering the id_resolver key type
[    1.192558] Key type id_resolver registered
[    1.192570] Key type id_legacy registered
[    1.192587] nfs4filelayout_init: NFSv4 File Layout Driver Registering...
[    1.192617] jffs2: version 2.2. (NAND) Â© 2001-2006 Red Hat, Inc.
[    1.193326] 9p: Installing v9fs 9p2000 file system support
[    1.212521] Block layer SCSI generic (bsg) driver version 0.4 loaded (major 245)
[    1.212992] io scheduler noop registered
[    1.213204] io scheduler cfq registered (default)
[    1.213218] io scheduler mq-deadline registered
[    1.213230] io scheduler kyber registered
[    1.237038] mxs-dma 33000000.dma-apbh: initialized
[    1.238755] Bus freq driver module loaded
[    1.240750] Config NOC for VPU and CPU
[    1.252747] Serial: 8250/16550 driver, 4 ports, IRQ sharing enabled
[    1.256358] SuperH (H)SCI(F) driver initialized
[    1.257236] 30860000.serial: ttymxc0 at MMIO 0x30860000 (irq = 41, base_baud = 1562500) is a IMX
[    2.446138] console [ttymxc0] enabled
[    2.450731] 30880000.serial: ttymxc2 at MMIO 0x30880000 (irq = 42, base_baud = 1562500) is a IMX
[    2.460407] clk: failed to reparent uart2 to sys1_pll_160m: -22
[    2.466523] 30890000.serial: ttymxc1 at MMIO 0x30890000 (irq = 43, base_baud = 1562500) is a IMX
[    2.476533] msm_serial: driver initialized
[    2.495053] [drm] Supports vblank timestamp caching Rev 2 (21.10.2013).
[    2.501708] [drm] No driver support for vblank timestamp query.
[    2.507834] imx-drm display-subsystem: bound imx-dcss-crtc.0 (ops dcss_crtc_ops)
[    2.515445] [drm] CDN_API_General_Test_Echo_Ext_blocking - APB(ret = 0 echo_resp = echo test)
[    2.524055] [drm] CDN_API_General_getCurVersion - ver 13196 verlib 13062
[    2.530816] [drm] Pixel clock frequency: 594000 KHz, character clock frequency: 594000, color depth is 8-bit.
[    2.540816] [drm] Pixel clock frequency (594000 KHz) is supported in this color depth (8-bit). Settings found in row 27
[    2.551622] [drm] VCO frequency is 5940000
[    2.555794] [drm] VCO frequency (5940000 KHz) is supported. Settings found in row 14
[    2.587775] [drm] CDN_API_General_Write_Register_blocking LANES_CONFIG ret = 0
[    2.595041] [drm] Failed to get HDCP config - using HDCP 2.2 only
[    2.601246] [drm] Failed to initialize HDCP
[    2.607080] [drm] hdmi-audio-codec driver bound to HDMI
[    2.612340] imx-drm display-subsystem: bound 32c00000.hdmi (ops imx_hdp_imx_ops)
[    2.643850] i.mx8-hdp 32c00000.hdmi: 0,ff,ff,ff,ff,ff,ff,0
[    2.654494] [drm] Pixel clock frequency: 148500 KHz, character clock frequency: 148500, color depth is 8-bit.
[    2.654501] [drm] Pixel clock frequency (148500 KHz) is supported in this color depth (8-bit). Settings found in row 16
[    2.654505] [drm] VCO frequency is 5940000
[    2.654510] [drm] VCO frequency (5940000 KHz) is supported. Settings found in row 14
[    2.668411] [drm] CDN_API_General_Write_Register_blocking LANES_CONFIG ret = 0
[    3.352018] Console: switching to colour frame buffer device 240x67
[    3.430747] imx-drm display-subsystem: fb0:  frame buffer device
[    3.437461] [drm] Initialized imx-drm 1.0.0 20120507 for display-subsystem on minor 0
[    3.453500] loop: module loaded
[    3.461902] slram: not enough parameters.
[    3.468094] spi_imx 30820000.ecspi: dma setup error -19, use pio
[    3.475768] spi_imx 30820000.ecspi: probed
[    3.482919] libphy: Fixed MDIO Bus: probed
[    3.488218] NXP PHY: loading NXP PHY driver: [autonomous mode]
[    3.494636] tun: Universal TUN/TAP device driver, 1.6
[    3.500186] CAN device driver interface
[    3.506412] fec 30be0000.ethernet: 30be0000.ethernet supply phy not found, using dummy regulator
[    3.515968] pps pps0: new PPS source ptp0
[    3.524774] libphy: fec_enet_mii_bus: probed
[    3.530789] fec 30be0000.ethernet eth0: registered PHC device 0
[    3.537891] e1000e: Intel(R) PRO/1000 Network Driver - 3.2.6-k
[    3.543891] e1000e: Copyright(c) 1999 - 2015 Intel Corporation.
[    3.550110] igb: Intel(R) Gigabit Ethernet Network Driver - version 5.4.0-k
[    3.557258] igb: Copyright (c) 2007-2014 Intel Corporation.
[    3.563116] igbvf: Intel(R) Gigabit Virtual Function Network Driver - version 2.4.0-k
[    3.571143] igbvf: Copyright (c) 2009 - 2012 Intel Corporation.
[    3.577916] sky2: driver version 1.30
[    3.590928] ehci_hcd: USB 2.0 'Enhanced' Host Controller (EHCI) Driver
[    3.597700] ehci-pci: EHCI PCI platform driver
[    3.602352] ehci-platform: EHCI generic platform driver
[    3.608019] ehci-orion: EHCI orion driver
[    3.612318] ehci-exynos: EHCI EXYNOS driver
[    3.616848] ehci-msm: Qualcomm On-Chip EHCI Host Controller
[    3.622733] ohci_hcd: USB 1.1 'Open' Host Controller (OHCI) Driver
[    3.629135] ohci-pci: OHCI PCI platform driver
[    3.633783] ohci-platform: OHCI generic platform driver
[    3.639439] ohci-exynos: OHCI EXYNOS driver
[    3.644350] Can't support > 32 bit dma.
[    3.655191] xhci-hcd xhci-hcd.0.auto: xHCI Host Controller
[    3.667673] xhci-hcd xhci-hcd.0.auto: new USB bus registered, assigned bus number 1
[    3.687918] xhci-hcd xhci-hcd.0.auto: hcc params 0x0220fe6c hci version 0x110 quirks 0x0000000001010810
[    3.704497] xhci-hcd xhci-hcd.0.auto: irq 230, io mem 0x38200000
[    3.718265] hub 1-0:1.0: USB hub found
[    3.728961] hub 1-0:1.0: 1 port detected
[    3.740119] xhci-hcd xhci-hcd.0.auto: xHCI Host Controller
[    3.752398] xhci-hcd xhci-hcd.0.auto: new USB bus registered, assigned bus number 2
[    3.766920] xhci-hcd xhci-hcd.0.auto: Host supports USB 3.0  SuperSpeed
[    3.780972] hub 2-0:1.0: USB hub found
[    3.791417] hub 2-0:1.0: 1 port detected
[    3.802989] usbcore: registered new interface driver usb-storage
[    3.815817] usbcore: registered new interface driver usbserial
[    3.828319] usbcore: registered new interface driver cp210x
[    3.840426] usbserial: USB Serial support registered for cp210x
[    3.852975] usbcore: registered new interface driver ftdi_sio
[    3.865178] usbserial: USB Serial support registered for FTDI USB Serial Device
[    3.879010] ftdi_elan: driver ftdi-elan
[    3.889272] usbcore: registered new interface driver ftdi-elan
[    3.901638] usbcore: registered new interface driver usb_ehset_test
[    3.917986] input: 30370000.snvs:snvs-powerkey as /devices/platform/30370000.snvs/30370000.snvs:snvs-powerkey/input/input0
[    3.938932] snvs_rtc 30370000.snvs:snvs-rtc-lp: rtc core: registered 30370000.snvs:snvs-rtc-lp as rtc0
[    3.955610] i2c /dev entries driver
[    3.969071] IR NEC protocol handler initialized
[    3.980050] IR RC5(x/sz) protocol handler initialized
[    3.991559] IR RC6 protocol handler initialized
[    4.002368] IR JVC protocol handler initialized
[    4.013175] IR Sony protocol handler initialized
[    4.023963] IR SANYO protocol handler initialized
[    4.034823] IR Sharp protocol handler initialized
[    4.045549] IR MCE Keyboard/mouse protocol handler initialized
[    4.057442] IR XMP protocol handler initialized
[    4.069507] ov5645_mipi 1-003c: 1-003c supply DOVDD not found, using dummy regulator
[    4.083396] ov5645_mipi 1-003c: 1-003c supply DVDD not found, using dummy regulator
[    4.097203] ov5645_mipi 1-003c: 1-003c supply AVDD not found, using dummy regulator
[    4.181331] ov5645_read_reg:write reg error:reg=300a
[    4.192327] camera ov5645_mipi is not found
[    4.203989] mxc-mipi-csi2_yav 30a70000.mipi_csi1: mipi_csi2_probe
[    4.216223] CSI: Registered sensor subdevice: mxc-mipi-csi2.0
[    4.228095] mxc-mipi-csi2_yav 30a70000.mipi_csi: Remote device at /mipi_csi1@30a70000/port/endpoint1 XXX found
[    4.244286] mxc-mipi-csi2_yav 30a70000.mipi_csi1: lanes: 2, name: mxc-mipi-csi2.0
[    4.260860] gpio-fan gpio_fan: GPIO fan initialized
[    4.275051] imx2-wdt 30280000.wdog: timeout 60 sec (nowayout=0)
[    4.288161] Bluetooth: HCI UART driver ver 2.3
[    4.298702] Bluetooth: HCI UART protocol H4 registered
[    4.309963] Bluetooth: HCI UART protocol BCSP registered
[    4.321253] Bluetooth: HCI UART protocol ATH3K registered
[    4.332620] Bluetooth: HCI UART protocol Three-wire (H5) registered
[    4.345011] Bluetooth: HCI UART protocol Broadcom registered
[    4.356464] Bluetooth: HCI UART protocol QCA registered
[    4.369265] sdhci: Secure Digital Host Controller Interface driver
[    4.381244] sdhci: Copyright(c) Pierre Ossman
[    4.391570] Synopsys Designware Multimedia Card Interface Driver
[    4.404800] sdhci-pltfm: SDHCI platform and OF driver helper
[    4.461114] mmc0: SDHCI controller on 30b40000.usdhc [30b40000.usdhc] using ADMA
[    4.473666] i.mx8-hdp 32c00000.hdmi: 0,ff,ff,ff,ff,ff,ff,0
[    4.475264] sdhci-esdhc-imx 30b50000.usdhc: Got CD GPIO
[    4.547351] mmc1: SDHCI controller on 30b50000.usdhc [30b50000.usdhc] using ADMA
[    4.566956] update hantro voltage from 900 mV to 1000 mV
[    4.578679] hantrodec: module inserted. Major = 237
[    4.594803] ledtrig-cpu: registered to indicate activity on CPUs
[    4.608316] caam 30900000.caam: ERA source: CCBVID.
[    4.622690] caam 30900000.caam: device ID = 0x0a16040100000000 (Era 9)
[    4.635349] caam 30900000.caam: job rings = 3, qi = 0, dpaa2 = no
[    4.651820] caam_jr 30901000.jr0: Entropy delay = 3200
[    4.663628] caam_jr 30901000.jr0: Entropy delay = 3600
[    4.727600] mmc0: new HS400 MMC card at address 0001
[    4.739088] mmcblk0: mmc0:0001 008G30 7.28 GiB 
[    4.742910] caam_jr 30901000.jr0: Instantiated RNG4 SH0.
[    4.749837] mmcblk0boot0: mmc0:0001 008G30 partition 1 4.00 MiB
[    4.772737] mmcblk0boot1: mmc0:0001 008G30 partition 2 4.00 MiB
[    4.784842] mmcblk0rpmb: mmc0:0001 008G30 partition 3 4.00 MiB
[    4.809728]  mmcblk0: p1 p2 p3 p4
[    4.810058] caam_jr 30901000.jr0: Instantiated RNG4 SH1.
[    4.840869] mmc1: host does not support reading read-only switch, assuming write-enable
[    4.861353] caam algorithms registered in /proc/crypto
[    4.877820] caam_jr 30901000.jr0: registering rng-caam
[    4.889488] caam 30900000.caam: caam pkc algorithms registered in /proc/crypto
[    4.904438] platform caam_sm: blkkey_ex: 2 keystore units available
[    4.917571] caam-snvs 30370000.caam-snvs: can't get snvs clock
[    4.929553] caam-snvs 30370000.caam-snvs: violation handlers armed - non-secure state
[    4.944262] usbcore: registered new interface driver usbhid
[    4.955912] usbhid: USB HID core driver
[    4.973047] mmc1: new ultra high speed DDR50 SDHC card at address aaaa
[    4.978257] rt5645: Raising HP charge pump threshold to prevent jack event mis-detects.
[    4.986258] mmcblk1: mmc1:aaaa SS08G 7.40 GiB 
[    4.999580] rt5645 2-001a: 2-001a supply avdd not found, using dummy regulator
[    5.023430]  mmcblk1: p1
[    5.023504] rt5645 2-001a: 2-001a supply cpvdd not found, using dummy regulator
[    5.070923] edgetpu-audio-card sound-rt5645: clock set to 24576000
[    5.091493] edgetpu-audio-card sound-rt5645: rt5645-aif1 <-> 308b0000.sai mapping ok
[    5.105753] edgetpu-audio-card sound-rt5645: ASoC: no DMI vendor name!
[    5.189678] input: edgetpu-audio-card Headphone Jack as /devices/platform/sound-rt5645/sound/card0/input1
[    5.208316] NET: Registered protocol family 26
[    5.219808] NET: Registered protocol family 10
[    5.232090] Segment Routing with IPv6
[    5.242209] NET: Registered protocol family 17
[    5.253047] can: controller area network core (rev 20170425 abi 9)
[    5.265631] NET: Registered protocol family 29
[    5.276454] can: raw protocol (rev 20170425)
[    5.287018] can: broadcast manager protocol (rev 20170425 t)
[    5.298958] can: netlink gateway (rev 20170425) max_hops=1
[    5.311882] Bluetooth: RFCOMM TTY layer initialized
[    5.322903] Bluetooth: RFCOMM socket layer initialized
[    5.334261] Bluetooth: RFCOMM ver 1.11
[    5.344037] Bluetooth: BNEP (Ethernet Emulation) ver 1.3
[    5.355477] Bluetooth: BNEP filters: protocol multicast
[    5.366798] Bluetooth: BNEP socket layer initialized
[    5.377922] Bluetooth: HIDP (Human Interface Emulation) ver 1.2
[    5.389984] Bluetooth: HIDP socket layer initialized
[    5.401176] lib80211: common routines for IEEE802.11 drivers
[    5.413083] 9pnet: Installing 9P2000 support
[    5.423613] Key type dns_resolver registered
[    5.438535] registered taskstats version 1
[    5.455901] failed to disable 800MHz OPP!
[    5.466108] failed to disable 1.3GHz OPP!
[    5.478217] cpu cpu0: registered imx8mq-cpufreq
[    5.490557] imx6q-pcie 33800000.pcie: 33800000.pcie supply epdev_on not found, using dummy regulator
[    5.509478] OF: PCI: host bridge /pcie@0x33800000 ranges:
[    5.518955] OF: PCI:   No bus range found for /pcie@0x33800000, using [bus 00-ff]
[    5.530535] OF: PCI:    IO 0x1ff80000..0x1ff8ffff -> 0x00000000
[    5.540532] OF: PCI:   MEM 0x18000000..0x1fefffff -> 0x18000000
[    5.555069] imx6q-pcie 33800000.pcie: pcie phy pll is locked.
[    5.626172] imx6q-pcie 33800000.pcie: Link: Gen2 disabled
[    5.643431] imx6q-pcie 33800000.pcie: Link up, Gen1
[    5.663049] imx6q-pcie 33800000.pcie: PCI host bridge to bus 0000:00
[    5.681283] pci_bus 0000:00: root bus resource [bus 00-ff]
[    5.698768] pci_bus 0000:00: root bus resource [io  0x0000-0xffff]
[    5.716890] pci_bus 0000:00: root bus resource [mem 0x18000000-0x1fefffff]
[    5.749177] pci 0000:00:00.0: BAR 14: assigned [mem 0x18000000-0x181fffff]
[    5.760046] pci 0000:00:00.0: BAR 0: assigned [mem 0x18200000-0x182fffff 64bit]
[    5.771287] pci 0000:00:00.0: BAR 6: assigned [mem 0x18300000-0x1830ffff pref]
[    5.782504] pci 0000:01:00.0: BAR 0: assigned [mem 0x18000000-0x181fffff 64bit]
[    5.793756] pci 0000:00:00.0: PCI bridge to [bus 01-ff]
[    5.802916] pci 0000:00:00.0:   bridge window [mem 0x18000000-0x181fffff]
[    5.813619] pci 0000:00:00.0: Max Payload Size set to  128/ 128 (was  128), Max Read Rq  128
[    5.826071] pci 0000:01:00.0: Max Payload Size set to  128/ 256 (was  128), Max Read Rq  128
[    5.838775] pcieport 0000:00:00.0: Signaling PME with IRQ 234
[    5.848477] pcieport 0000:00:00.0: AER enabled with IRQ 234
[    5.858630] imx6q-pcie 33c00000.pcie: 33c00000.pcie supply epdev_on not found, using dummy regulator
[    5.873928] OF: PCI: host bridge /pcie@0x33c00000 ranges:
[    5.885142] OF: PCI:   No bus range found for /pcie@0x33c00000, using [bus 00-ff]
[    5.898515] OF: PCI:    IO 0x27f80000..0x27f8ffff -> 0x00000000
[    5.910200] OF: PCI:   MEM 0x20000000..0x27efffff -> 0x20000000
[    5.925766] imx6q-pcie 33c00000.pcie: pcie phy pll is locked.
[    5.992939] imx6q-pcie 33c00000.pcie: Link up, Gen2
[    6.004457] imx6q-pcie 33c00000.pcie: PCI host bridge to bus 0001:00
[    6.021939] pci_bus 0001:00: root bus resource [bus 00-ff]
[    6.038535] pci_bus 0001:00: root bus resource [io  0x10000-0x1ffff] (bus address [0x0000-0xffff])
[    6.051198] pci_bus 0001:00: root bus resource [mem 0x20000000-0x27efffff]
[    6.073179] pci 0001:00:00.0: BAR 0: assigned [mem 0x20000000-0x200fffff 64bit]
[    6.088344] pci 0001:00:00.0: BAR 15: assigned [mem 0x20100000-0x202fffff pref]
[    6.101117] pci 0001:00:00.0: BAR 6: assigned [mem 0x20300000-0x2030ffff pref]
[    6.113861] pci 0001:00:00.0: PCI bridge to [bus 01-ff]
[    6.124428] pci 0001:00:00.0:   bridge window [mem 0x20100000-0x202fffff pref]
[    6.137025] pci 0001:00:00.0: Max Payload Size set to  128/ 128 (was  128), Max Read Rq  128
[    6.150995] pci 0001:01:00.0: Max Payload Size set to  128/ 256 (was  128), Max Read Rq  128
[    6.165389] pcieport 0001:00:00.0: Signaling PME with IRQ 363
[    6.176688] pcieport 0001:00:00.0: AER enabled with IRQ 363
[    6.194149] asoc-simple-card sound-header: snd-soc-dummy-dai <-> 30010000.sai mapping ok
[    6.205992] asoc-simple-card sound-header: ASoC: no DMI vendor name!
[    6.233245] snvs_rtc 30370000.snvs:snvs-rtc-lp: setting system clock to 1970-01-01 00:00:02 UTC (2)
[    6.247119] buck3: disabling
[    6.255182] ALSA device list:
[    6.261783]   #0: edgetpu-audio-card
[    6.269077]   #1: 40-pin Header
[    6.284901] EXT4-fs (mmcblk0p4): mounted filesystem with ordered data mode. Opts: (null)
[    6.296774] VFS: Mounted root (ext4 filesystem) on device 179:4.
[    6.313408] devtmpfs: mounted
[    6.320986] Freeing unused kernel memory: 1280K
[    6.503890] systemd[1]: System time before build time, advancing clock.
[    6.535840] ip_tables: (C) 2000-2006 Netfilter Core Team
[    6.561227] systemd[1]: systemd 241 running in system mode. (+PAM +AUDIT +SELINUX +IMA +APPARMOR +SMACK +SYSVINIT +UTMP +LIBCRYPTSETUP +GCRYPT +GNUTLS +ACL +XZ +LZ4 +SECCOMP +BLKID +ELFUTILS +KMOD -IDN2 +IDN -PCRE2 default-hierarchy=hybrid)
[    6.595278] systemd[1]: Detected architecture arm64.
[    6.635814] systemd[1]: Set hostname to <arid-calf>.
[    6.771376] systemd[1]: File /lib/systemd/system/systemd-journald.service:12 configures an IP firewall (IPAddressDeny=any), but the local system does not support BPF/cgroup based firewalling.
[    6.795481] systemd[1]: Proceeding WITHOUT firewalling in effect! (This warning is only shown for the first loaded unit using IP firewalling.)
[    6.865946] systemd[1]: /lib/systemd/system/vitalsd.service:3: Failed to add dependency on usb-gadget, ignoring: Unknown error -22
[    6.885032] systemd[1]: /lib/systemd/system/vitalsd.service:5: Unknown lvalue 'Exec' in section 'Service', ignoring
[    6.903100] systemd[1]: vitalsd.service: Service has no ExecStart=, ExecStop=, or SuccessAction=. Refusing.
[    6.988361] systemd[1]: /lib/systemd/system/usb-gadget-getty-ttyGS0.service:21: Unknown lvalue 'TTYDisallocate' in section 'Service', ignoring
[    7.027864] random: systemd: uninitialized urandom read (16 bytes read)
[    7.042647] systemd[1]: vitalsd.service: Cannot add dependency job, ignoring: Unit vitalsd.service has a bad unit file setting.
[    7.061397] random: systemd: uninitialized urandom read (16 bytes read)
[    7.089000] random: systemd: uninitialized urandom read (16 bytes read)
[    7.272567] EXT4-fs (mmcblk0p4): re-mounted. Opts: (null)
[    7.523447] systemd-journald[2042]: Received request to flush runtime journal from PID 1
[    7.820115] imx-sdma 30bd0000.sdma: no iram assigned, using external mem
[    7.856780] imx-sdma 302c0000.sdma: no iram assigned, using external mem
[    7.869326] imx-sdma 30bd0000.sdma: loaded firmware 4.2
[    7.902213] imx-sdma 302c0000.sdma: loaded firmware 4.2
[    7.902519] ina2xx 1-0040: error configuring the device: -6
[    7.946551] ina2xx 1-0041: error configuring the device: -6
[    8.035328] galcore: loading out-of-tree module taints kernel.
[    8.057703] Galcore version 6.4.2.256507
[    8.092008] apex 0001:01:00.0: can't enable device: BAR 0 [mem 0x00000000-0x00003fff 64bit pref] not claimed
[    8.115373] apex 0001:01:00.0: BAR 2: assigned [mem 0x20100000-0x201fffff 64bit pref]
[    8.130386] apex 0001:01:00.0: BAR 0: assigned [mem 0x20200000-0x20203fff 64bit pref]
[    8.130447] apex 0001:01:00.0: enabling device (0000 -> 0002)
[    8.130830] Can't support > 32 bit dma.
[    8.130831] Can't support > 32 bit dma.
[    8.161659] wlan: loading driver v4.5.23.1
[    8.180324] hif_pci_probe:, con_mode= 0x0
[    8.190031] PCI device id is 003e :003e
[    8.200196] hif_pci 0000:01:00.0: BAR 0: assigned [mem 0x18000000-0x181fffff 64bit]
[    8.215023] hif_pci 0000:01:00.0: enabling device (0000 -> 0002)
[    8.236097] 
[    8.236097]  hif_pci_configure : num_desired MSI set to 1
[    8.475578] EXT4-fs (mmcblk0p3): mounted filesystem with ordered data mode. Opts: (null)
[    8.688032] hif_pci_probe: ramdump base 0xffff800025200000 size 2095136
[    8.709940] NUM_DEV=1 FWMODE=0x2 FWSUBMODE=0x0 FWBR_BUF 0
[    9.302230] random: crng init done
[    9.302233] random: 7 urandom warning(s) missed due to ratelimiting
[    9.389284] +HWT
[    9.401857] -HWT
[    9.447844] HTT: full reorder offload enabled
[    9.480020] Pkt log is disabled
[    9.486636] target uses HTT version 3.50; host uses 3.28
[    9.502513] Host SW:4.5.23.1, FW:2.0.1.1048, HW:QCA6174_REV3_2
[    9.512402] ol_pktlog_init: pktlogmod_init successfull
[    9.522493] wlan: driver loaded in 1360000
[    9.786718] IPv6: ADDRCONF(NETDEV_UP): eth0: link is not ready
[    9.798973] Generic PHY 30be0000.ethernet-1:00: attached PHY driver [Generic PHY] (mii_bus:phy_addr=30be0000.ethernet-1:00, irq=POLL)
[    9.815190] IPv6: ADDRCONF(NETDEV_UP): eth0: link is not ready
[    9.868510] IPv6: ADDRCONF(NETDEV_UP): wlan0: link is not ready
[    9.869001] IPv6: ADDRCONF(NETDEV_UP): wlan0: link is not ready
[   10.047672] IPv6: ADDRCONF(NETDEV_UP): wlan0: link is not ready
[   10.064976] using random self ethernet address
[   10.073481] using random host ethernet address
[   10.089264] using random self ethernet address
[   10.097604] using random host ethernet address
[   11.139502] usb0: HOST MAC 72:c6:8f:9e:fb:15
[   11.148219] usb0: MAC 02:22:78:0d:f6:df
[   11.160956] usb1: HOST MAC 02:22:78:0d:f6:dd
[   11.168982] usb1: MAC 02:22:78:0d:f6:de
[   11.360188] IPv6: ADDRCONF(NETDEV_UP): usb0: link is not ready
[   11.369880] IPv6: ADDRCONF(NETDEV_UP): usb0: link is not ready
[   11.385826] IPv6: ADDRCONF(NETDEV_UP): usb0: link is not ready
[   11.402473] IPv6: ADDRCONF(NETDEV_UP): usb0: link is not ready
[   11.707174] configfs-gadget gadget: high-speed config #1: c
[   11.719327] IPv6: ADDRCONF(NETDEV_CHANGE): usb0: link becomes ready
[   11.744643] IPv6: ADDRCONF(NETDEV_UP): usb1: link is not ready
[   11.754264] IPv6: ADDRCONF(NETDEV_UP): usb1: link is not ready
[   11.769609] IPv6: ADDRCONF(NETDEV_UP): usb1: link is not ready
[   11.788146] IPv6: ADDRCONF(NETDEV_UP): usb1: link is not ready
[   12.650280] i.mx8-hdp 32c00000.hdmi: 0,ff,ff,ff,ff,ff,ff,0
[   12.782841] NOHZ: local_softirq_pending 08
[   13.165830] IPv6: ADDRCONF(NETDEV_CHANGE): wlan0: link becomes ready
[   13.309076] apex 0001:01:00.0: Apex performance not throttled due to temperature

Mendel GNU/Linux (eagle) arid-calf ttymxc0

arid-calf login: mendel
Password: 
Last login: Thu Jun  2 22:22:47 UTC 2022 on tty7
Linux arid-calf 4.14.98-imx #1 SMP PREEMPT Tue Nov 2 02:55:21 UTC 2021 aarch64

The programs included with the Mendel GNU/Linux system are free software;
the exact distribution terms for each program are described in the
individual files in /usr/share/doc/*/copyright.

Mendel GNU/Linux comes with ABSOLUTELY NO WARRANTY, to the extent
permitted by applicable law.
mendel@arid-calf:~$ [   18.960627] NOHZ: local_softirq_pending 08
[   19.371805] NOHZ: local_softirq_pending 08
[   22.381806] NOHZ: local_softirq_pending 08
[   22.436931] NOHZ: local_softirq_pending 08
[   22.533605] NOHZ: local_softirq_pending 08
[   22.796977] NOHZ: local_softirq_pending 08
[   22.917802] NOHZ: local_softirq_pending 08
[   23.369166] NOHZ: local_softirq_pending 08
[   23.533661] NOHZ: local_softirq_pending 08

mendel@arid-calf:~$ mendel
-bash: mendel: command not found
mendel@arid-calf:~$ mendle
-bash: mendle: command not found
mendel@arid-calf:~$ ls
best.480_640-int8_no_subgraphs_edgetpu.tflite
best.480_640-int8_no_subgraphs_edgetputflite
best.480_640-int8_with_subgraphs_edgetpu.tflite
best.512_512-int8_edgetpu.tflite
best-int8_edgetpu.tflite
bug
coral_inference.py
corla_inference.py
demo_files
efficientdet_lite0_320_ptq_edgetpu.tflite
efficientdet_lite3x_640_ptq_edgetpu.tflite
efficientdet-lite-salad_edgetpu.tflite
gpio_test2.py
img0000.jpg
img0001.jpg
img0002.jpg
img0003.jpg
img0004.jpg
inference_stress_test
LICENSE
myservice.service
output.avi
quantized_model_edgetpu.tflite
README.md
snapshot_test.py
test.py
test_service.sh
tf2_ssd_mobilenet_v2_coco17_ptq_edgetpu.tflite
yolov5s-int8_110ops_edgetpu.tflite
yolov5s-int8_120ops_edgetpu.tflite
yolov5s-int8_18ops_edgetpu.tflite
yolov5s-int8_207ops_edgetpu.tflite
yolov5s-int8_23ops_edgetpu.tflite
yolov5s-int8_51ops_edgetpu.tflite
yolov5s-int8_640_480_edgetpu.tflite
yolov5s-int8_6ops_edgetpu.tflite
yolov5s-int8_86ops_edgetpu.tflite
yolov5s-int8_edgetpu.tflite
yolov5s-int8_no_reshape_edgetpu.tflite
yolov5s-int8_reshape2_edgetpu.tflite
yolov5s-int8_resize_bilinear2_edgetpu.tflite
yolov5s-int8_resize_bilinerar1_edgetpu.tflite
yolov5s-int8_subgrpahs_edgetpu.tflite
yolov5s-int8_with_conv2d_edgetpu.tflite
yolov5s-int8_without_conv2d_edgetpu.tflite
mendel@arid-calf:~$ printenv othbootargs
mendel@arid-calf:~$ python3 coral_inference.py -m yolov5s-int8_edgetpu.tflite 
2
3
4
5
6
7
8
9
10
11
12
13
14
15
16
17
18
19
20
21
22
23
24
25
26
27
28
29
30
31
32
33
34
35
36
37
38
39
40
41
42
43
44
45
46
47
48
49
50
51
52
53
54
55
56
57
58
59
60
61
62
63
64
65
66
67
68
69
70
71
72
73
74
75
76
77
78
79
80
81
82
83
84
85
86
87
88
89
90
91
92
93
94
95
96
97
98
99
100
101
102
103
104
105
106
107
108
109
110
111
112
113
114
115
116
117
118
119
120
121
122
123
124
125
126
127
128
129
130
131
132
133
134
135
136
137
138
139
140
141
142
143
144
145
146
147
148
149
150
151
152
153
154
155
156
157
158
159
160
161
162
163
164
165
166
167
168
169
170
171
172
173
174
175
176
177
178
179
180
181
182
183
184
185
186
187
188
189
190
191
192
193
194
195
196
197
198
199
200
201
202
203
204
205
206
207
208
209
210
211
212
213
214
215
216
217
218
219
220
221
222
223
224
225
226
227
228
229
230
231
232
233
234
235
236
237
238
239
240
241
242
243
244
245
246
247
248
249
250
251
252
253
254
255
256
257
258
259
260
261
262
263
264
265
266
267
268
269
270
271
272
273
274
275
276
277
278
279
280
281
282
283
284
285
286
287
288
289
290
291
292
293
294
295
296
297
298
299
300
301
302
303
304
305
306
307
308
309
310
311
312
313
314
315
316
317
318
319
320
321
322
323
324
325
326
327
328
329
330
331
332
333
334
335
336
337
338
339
340
341
342
343
344
345
346
347
348
349
350
351
352
353
354
355
356
357
358
359
360
361
362
363
364
365
366
367
368
369
370
371
372
373
374
375
376
377
378
379
380
381
382
383
384
385
386
387
388
389
390
391
392
393
394
395
396
397
398
399
400
401
402
403
404
405
406
407
408
409
410
411
412
413
414
415
416
417
418
419
420
421
422
423
424
425
426
427
428
429
430
431
432
433
434
435
436
437
438
439
440
441
442
443
444
445
446
447
448
449
450
451
452
453
454
455
456
457
458
459
460
461
462
463
464
465
466
467
468
469
470
471
472
473
474
475
476
477
478
479
480
481
482
483
484
485
486
487
488
489
490
491
492
493
494
495
496
497
498
499
500
501
502
503
504
505
506
507
508
509
510
511
512
513
514
515
516
517
518
519
520
521
522
523
524
525
526
527
528
529
530
531
532
533
534
535
536
537
538
539
540
541
542
543
544
545
546
547
548
549
550
551
552
553
554
555
556
557
558
559
560
561
562
563
564
565
566
567
568
569
570
571
572
573
574
575
576
577
578
579
580
581
582
583
584
585
586
587
588
589
590
591
592
593
594
595
596
597
598
599
600
601
602
603
604
605
606
607
608
609
610
611
612
613
614
615
616
617
618
619
620
621
622
623
624
625
626
627
628
629
630
631
632
633
634
635
636
637
638
639
640
641
642
643
644
645
646
647
648
649
650
651
652
653
654
655
656
657
658
659
660
661
662
663
664
665
666
667
668
669
670
671
672
673
674
675
676
677
678
679
680
681
682
683
684
685
686
687
688
689
690
691
692
693
694
695
696
697
698
699
700
701
702
703
704
705
706
707
708
709
710
711
712
713
714
715
716
717
718
719
720
721
722
723
724
725
726
727
728
729
730
731
732
733
734
735
736
737
738
739
740
741
742
743
744
745
746
747
748
749
750
751
752
753
754
755
756
757
758
759
760
761
762
763
764
765
766
767
768
769
770
771
772
773
774
775
776
777
778
779
780
781
782
783
784
785
786
787
788
789
790
791
792
793
794
795
796
797
798
799
800
801
802
803
804
805
806
807
808
809
810
811
812
813
814
815
816
817
818
819
820
821
822
823
824
825
826
827
828
829
830
831
832
833
834
835
836
837
838
839
840
841
842
843
844
845
846
847
848
849
850
851
852
853
854
855
856
857
858
859
860
861
862
863
864
865
866
867
868
869
870
871
872
873
874
875
876
877
878
879
880
881
882
883
884
885
886
887
888
889
890
891
892
893
894
895
896
897
898
899
900
901
902
903
904
905
906
907
908
909
910
911
912
913
914
915
916
917
918
919
920
921
922
923
924
925
926
927
928
929
930
931
932
933
934
935
936
937
938
939
940
941
942
943
944
945
946
947
948
949
950
951
952
953
954
955
956
957
958
959
960
961
962
963
964
965
966
967
968
969
970
971
972
973
974
975
976
977
978
979
980
981
982
983
984
985
986
987
988
989
990
991
992
993
994
995
996
997
998
999
1000
1001
1003
1004
1005
1006
1007
1008
1009
1010
1011
1012
1013
1014
1015
1016
1017
1018
1019
1020
1021
1022
1023
1024
1025
1026
1027
1028
1029
1030
1031
1032
1033
1034
1035
1036
1037
1038
1039
1040
1041
1042
1043
1044
1045
1046
1047
1048
1049
1050
1051
1052
1053
1054
1055
1056
1057
1058
1059
1060
1061
1062
1063
1064
1065
1066
1067
1068
1069
1070
1071
1072
1073
1074
1075
1076
1077
1078
1079
1080
1081
1082
1083
1084
1085
1086
1087
1088
1089
1090
1091
1092
1093
1094
1095
1096
1097
1098
1099
1100
1101
1102
1103
1104
1105
1106
1107
1108
1109
1110
1111
1112
1113
1114
1115
1116
1117
1118
1119
1120
1121
1122
1123
1124
1125
1126
1127
1128
1129
1130
1131
1132
1133
1134
1135
1136
1137
1138
1139
1140
1141
1142
1143
1144
1145
1146
1147
1148
1149
1150
1151
1152
1153
1154
1155
1156
1157
1158
1159
1160
1161
1162
1163
1164
1165
1166
1167
1168
1169
1170
1171
1172
1173
1174
1175
1176
1177
1178
1179
1180
1181
1182
1183
1184
1185
1186
1187
1188
1189
1190
1191
1192
1193
1194
1195
1196
1197
1198
1199
1200
1201
1202
1203
1204
1205
1206
1207
1208
1209
1210
1211
1212
1213
1214
1215
1216
1217
1218
1219
1220
1221
1222
1223
1224
1225
1226
1227
1228
1229
1230
1231
1232
1233
1234
1235
1236
1237
1238
1239
1240
1241
1242
1243
1244
1245
1246
1247
1248
1249
1250
1251
1252
1253
1254
1255
1256
1257
1258
1259
1260
1261
1262
1263
1264
1265
1266
1267
1268
1269
1270
1271
1272
1273
1274
1275
1276
1277
1278
1279
1280
1281
1282
1283
1284
1285
1286
1287
1288
1289
1290
1291
1292
1293
1294
1295
1296
1297
1298
1299
1300
1301
1302
1303
1304
1305
1306
1307
1308
1309
1310
1311
1312
1313
1314
1315
1316
1317
1318
1319
1320
1321
1322
1323
1324
1325
1326
1327
1328
1329
1330
1331
1332
1333
1334
1335
1336
1337
1338
1339
1340
1341
1342
1343
1344
1345
1346
1347
1348
1349
1350
1351
1352
1353
1354
1355
1356
1357
1358
1359
1360
1361
1362
1363
1364
1365
1366
1367
1368
1369
1370
1371
1372
1373
1374
1375
1376
1377
1378
1379
1380
1381
1382
1383
1384
1385
1386
1387
1388
1389
1390
1391
1392
1393
1394
1395
1396
1397
1398
1399
1400
1401
1402
1403
1404
1405
1406
1407
1408
1409
1410
1411
1412
1413
1414
1415
1416
1417
1418
1419
1420
1421
1422
1423
1424
1425
1426
1427
1428
1429
1430
1431
1432
1433
1434
1435
1436
1437
1438
1439
1440
1441
1442
1443
1444
1445
1446
1447
1448
1449
1450
1451
1452
1453
1454
1455
1456
1457
1458
1459
1460
1461
1462
1463
1464
1465
1466
1467
1468
1469
1470
1471
1472
1473
1474
1475
1476
1477
1478
1479
1480
1481
1482
1483
1484
1485
1486
1487
1488
1489
1490
1491
1492
1493
1494
1495
1496
1497
1498
1499
1500
1501
1502
1503
1504
1505
1506
1507
1508
1509
1510
1511
1512
1513
1514
1515
1516
1517
1518
1519
1520
1521
1522
1523
1524
1525
1526
1527
1528
1529
1530
1531
1532
1533
1534
1535
1536
1537
1538
1539
1540
1541
1542
1543
1544
1545
1546
1547
1548
1549
1550
1551
1552
1553
1554
1555
1556
1557
1558
1559
1560
1561
1562
1563
1564
1565
1566
1567
1568
1569
1570
1571
1572
1573
1574
1575
1576
1577
1578
1579
1580
1581
1582
1583
1584
1585
1586
1587
1588
1589
1590
1591
1592
1593
1594
1595
1596
1597
1598
1599
1600
1601
1602
1603
1604
1605
1606
1607
1608
1609
1610
1611
1612
1613
1614
1615
1616
1617
1618
1619
1620
1621
1622
1623
1624
1625
1626
1627
1628
1629
1630
1631
1632
1633
1634
1635
1636
1637
1638
1639
1640
1641
1642
1643
1644
1645
1646
1647
1648
1649
1650
1651
1652
1653
1654
1655
1656
1657
1658
1659
1660
1661
1662
1663
1664
1665
1666
1667
1668
1669
1670
1671
1672
1673
1674
1675
1676
1677
1678
1679
1680
1681
1682
1683
1684
1685
1686
1687
1688
1689
1690
1691
1692
1693
1694
1695
1696
1697
1698
1699
1700
1701
1702
1703
1704
1705
1706
1707
1708
1709
1710
1711
1712
1713
1714
1715
1716
1717
1718
1719
1720
1721
1722
1723
1724
1725
1726
1727
1728
1729
1730
1731
1732
1733
1734
1735
1736
1737
1738
1739
1740
1741
1742
1743
1744
1745
1746
1747
1748
1749
1750
1751
1752
1753
1754
1755
1756
1757
1758
1759
1760
1761
1762
1763
1764
1765
1766
1767
1768
1769
1770
1771
1772
1773
1774
1775
1776
1777
1778
1779
1780
1781
1782
1783
1784
1785
1786
1787
1788
1789
1790
1791
1792
1793
1794
1795
1796
1797
1798
1799
1800
1801
1802
1803
1804
1805
1806
1807
1808
1809
1810
1811
1812
1813
1814
1815
1816
1817
1818
1819
1820
1821
1822
1823
1824
1825
1826
1827
1828
1829
1830
1831
1832
1833
1834
1835
1836
1837
1838
1839
1840
1841
1842
1843
1844
1845
1846
1847
1848
1849
1850
1851
1852
1853
1854
1855
1856
1857
1858
1859
1860
1861
1862
1863
1864
1865
1866
1867
1868
1869
1870
1871
1872
1873
1874
1875
1876
1877
1878
1879
1880
1881
1882
1883
1884
1885
1886
1887
1888
1889
1890
1891
1892
1893
1894
1895
1896
1897
1898
1899
1900
1901
1902
1903
1904
1905
1906
1907
1908
1909
1910
1911
1912
1913
1914
1915
1916
1917
1918
1919
1920
1921
1922
1923
1924
1925
1926
1927
1928
1929
1930
1931
1932
1933
1934
1935
1936
1937
1938
1939
1940
1941
1942
1943
1944
1945
1946
1947
1948
1949
1950
1951
1952
1953
1954
1955
1956
1957
1958
1959
1960
1961
1962
1963
1964
1965
1966
1967
1968
1969
1970
1971
1972
1973
1974
1975
1976
1977
1978
1979
1980
1981
1982
1983
1984
1985
1986
1987
1988
1989
1990
1991
1992
1993
1994
1995
1996
1997
1998
1999
2000
2001
2002
2004
2005
2006
2007
2008
2009
2010
2011
2012
2013
2014
2015
2016
2017
2018
2019
2020
2021
2022
2023
2024
2025
2026
2027
2028
2029
2030
2031
2032
2033
2034
2035
2036
2037
2038
2039
2040
2041
2042
2043
2044
2045
2046
2047
2048
2049
2050
2051
2052
2053
2054
2055
2056
2057
2058
2059
2060
2061
2062
2063
2064
2065
2066
2067
2068
2069
2070
2071
2072
2073
2074
2075
2076
2077
2078
2079
2080
2081
2082
2083
2084
2085
2086
2087
2088
2089
2090
2091
2092
2093
2094
2095
2096
2097
2098
2099
2100
2101
2102
2103
2104
2105
2106
2107
2108
2109
2110
2111
2112
2113
2114
2115
2116
2117
2118
2119
2120
2121
2122
2123
2124
2125
2126
2127
2128
2129
2130
2131
2132
2133
2134
2135
2136
2137
2138
2139
2140
2141
2142
2143
2144
2145
2146
2147
2148
2149
2150
2151
2152
2153
2154
2155
2156
2157
2158
2159
2160
2161
2162
2163
2164
2165
2166
2167
2168
2169
2170
2171
2172
2173
2174
2175
2176
2177
2178
2179
2180
2181
2182
2183
2184
2185
2186
2187
2188
2189
2190
2191
2192
2193
2194
2195
2196
2197
2198
2199
2200
2201
2202
2203
2204
2205
2206
2207
2208
2209
2210
2211
2212
2213
2214
2215
2216
2217
2218
2219
2220
2221
2222
2223
2224
2225
2226
2227
2228
2229
2230
2231
2232
2233
2234
2235
2236
2237
2238
2239
2240
2241
2242
2243
2244
2245
2246
2247
2248
2249
2250
2251
2252
2253
2254
2255
2256
2257
2258
2259
2260
2261
2262
2263
2264
2265
2266
2267
2268
2269
2270
2271
2272
2273
2274
2275
2276
2277
2278
2279
2280
2281
2282
2283
2284
2285
2286
2287
2288
2289
2290
2291
2292
2293
2294
2295
2296
2297
2298
2299
2300
2301
2302
2303
2304
2305
2306
2307
2308
2309
2310
2311
2312
2313
2314
2315
2316
2317
2318
2319
2320
2321
2322
2323
2324
2325
2326
2327
2328
2329
2330
2331
2332
2333
2334
2335
2336
2337
2338
2339
2340
2341
2342
2343
2344
2345
2346
2347
2348
2349
2350
2351
2352
2353
2354
2355
2356
2357
2358
2359
2360
2361
2362
2363
2364
2365
2366
2367
2368
2369
2370
2371
2372
2373
2374
2375
2376
2377
2378
2379
2380
2381
2382
2383
2384
2385
2386
2387
2388
2389
2390
2391
2392
2393
2394
2395
2396
2397
2398
2399
2400
2401
2402
2403
2404
2405
2406
2407
2408
2409
2410
2411
2412
2413
2414
2415
2416
2417
2418
2419
2420
2421
2422
2423
2424
2425
2426
2427
2428
2429
2430
2431
2432
2433
2434
2435
2436
2437
2438
2439
2440
2441
2442
2443
2444
2445
2446
2447
2448
2449
2450
2451
2452
2453
2454
2455
2456
2457
2458
2459
2460
2461
2462
2463
2464
2465
2466
2467
2468
2469
2470
2471
2472
2473
2474
2475
2476
2477
2478
2479
2480
2481
2482
2483
2484
2485
2486
2487
2488
2489
2490
2491
2492
2493
2494
2495
2496
2497
2498
2499
2500
2501
2502
2503
2504
2505
2506
2507
2508
2509
2510
2511
2512
2513
2514
2515
2516
2517
2518
2519
2520
2521
2522
2523
2524
2525
2526
2527
2528
2529
2530
2531
2532
2533
2534
2535
2536
2537
2538
2539
2540
2541
2542
2543
2544
2545
2546
2547
2548
2549
2550
2551
2552
2553
2554
2555
2556
2557
2558
2559
2560
2561
2562
2563
2564
2565
2566
2567
2568
2569
2570
2571
2572
2573
2574
2575
2576
2577
2578
2579
2580
2581
2582
2583
2584
2585
2586
2587
2588
2589
2590
2591
2592
2593
2594
2595
2596
2597
2598
2599
2600
2601
2602
2603
2604
2605
2606
2607
2608
2609
2610
2611
2612
2613
2614
2615
2616
2617
2618
2619
2620
2621
2622
2623
2624
2625
2626
2627
2628
2629
2630
2631
2632
2633
2634
2635
2636
2637
2638
2639
2640
2641
2642
2643
2644
2645
2646
2647
2648
2649
2650
2651
2652
2653
2654
2655
2656
2657
2658
2659
2660
2661
2662
2663
2664
2665
2666
2667
2668
2669
2670
2671
2672
2673
2674
2675
2676
2677
2678
2679
2680
2681
2682
2683
2684
2685
2686
2687
2688
2689
2690
2691
2692
2693
2694
2695
2696
2697
2698
2699
2700
2701
2702
2703
2704
2705
2706
2707
2708
2709
2710
2711
2712
2713
2714
2715
2716
2717
2718
2719
2720
2721
2722
2723
2724
2725
2726
2727
2728
2729
2730
2731
2732
2733
2734
2735
2736
2737
2738
2739
2740
2741
2742
2743
2744
2745
2746
2747
2748
2749
2750
2751
2752
2753
2754
2755
2756
2757
2758
2759
2760
2761
2762
2763
2764
2765
2766
2767
2768
2769
2770
2771
2772
2773
2774
2775
2776
2777
2778
2779
2780
2781
2782
2783
2784
2785
2786
2787
2788
2789
2790
2791
2792
2793
2794
2795
2796
2797
2798
2799
2800
2801
2802
2803
2804
2805
2806
2807
2808
2809
2810
2811
2812
2813
2814
2815
2816
2817
2818
2819
2820
2821
2822
2823
2824
2825
2826
2827
2828
2829
2830
2831
2832
2833
2834
2835
2836
2837
2838
2839
2840
2841
2842
2843
2844
2845
2846
2847
2848
2849
2850
2851
2852
2853
2854
2855
2856
2857
2858
2859
2860
2861
2862
2863
2864
2865
2866
2867
2868
2869
2870
2871
2872
2873
2874
2875
2876
2877
2878
2879
2880
2881
2882
2883
2884
2885
2886
2887
2888
2889
2890
2891
2892
2893
2894
2895
2896
2897
2898
2899
2900
2901
2902
2903
2904
2905
2906
2907
2908
2909
2910
2911
2912
2913
2914
2915
2916
2917
2918
2919
2920
2921
2922
2923
2924
2925
2926
2927
2928
2929
2930
2931
2932
2933
2934
2935
2936
2937
2938
2939
2940
2941
2942
2943
2944
2945
2946
2947
2948
2949
2950
2951
2952
2953
2954
2955
2956
2957
2958
2959
2960
2961
2962
2963
2964
2965
2966
2967
2968
2969
2970
2971
2972
2973
2974
2975
2976
2977
2978
2979
2980
2981
2982
2983
2984
2985
2986
2987
2988
2989
2990
2991
2992
2993
2994
2995
2996
2997
2998
2999
3000
3001
3002
3003
3005
3006
3007
3008
3009
3010
3011
3012
3013
3014
3015
3016
3017
3018
3019
3020
3021
3022
3023
3024
3025
3026
3027
3028
3029
3030
3031
3032
3033
3034
3035
3036
3037
3038
3039
3040
3041
3042
3043
3044
3045
3046
3047
3048
3049
3050
3051
3052
3053
3054
3055
3056
3057
3058
3059
3060
3061
3062
3063
3064
3065
3066
3067
3068
3069
3070
3071
3072
3073
3074
3075
3076
3077
3078
3079
3080
3081
3082
3083
3084
3085
3086
3087
3088
3089
3090
3091
3092
3093
3094
3095
3096
3097
3098
3099
3100
3101
3102
3103
3104
3105
3106
3107
3108
3109
3110
3111
3112
3113
3114
3115
3116
3117
3118
3119
3120
3121
3122
3123
E driver/mmio_driver.cc:254] HIB Error. hib_error_status = 0000000000000008, hib_first_error_status = 0000000000000008
E driver/mmio_driver.cc:254] HIB Error. hib_error_status = 0000000000000008, hib_first_error_status = 0000000000000008
^C^Z
[1]+  Stopped                 python3 coral_inference.py -m yolov5s-int8_edgetpu.tflite
mendel@arid-calf:~$ [  429.831217] NetworkManager invoked oom-killer: gfp_mask=0x14000c0(GFP_KERNEL), nodemask=(null),  order=0, oom_score_adj=0
[  429.842200] NetworkManager cpuset=/ mems_allowed=0
[  429.847079] CPU: 1 PID: 3697 Comm: NetworkManager Tainted: G           O    4.14.98-imx #1
[  429.855344] Hardware name: Freescale i.MX8MQ Phanbell (DT)
[  429.860831] Call trace:
[  429.863288] [<ffff000008089938>] dump_backtrace+0x0/0x3a8
[  429.868693] [<ffff000008089cf4>] show_stack+0x14/0x20
[  429.873748] [<ffff000008d3f840>] dump_stack+0x9c/0xbc
[  429.878801] [<ffff00000818a784>] dump_header+0x90/0x1e8
[  429.884027] [<ffff000008189858>] oom_kill_process+0xd8/0x590
[  429.889687] [<ffff00000818a360>] out_of_memory+0x180/0x4a0
[  429.895173] [<ffff00000818f8a4>] __alloc_pages_nodemask+0xa94/0xb08
[  429.901441] [<ffff0000081e01f8>] alloc_pages_current+0x80/0xf0
[  429.907275] [<ffff00000818b4fc>] __get_free_pages+0xc/0x30
[  429.912761] [<ffff000008221f84>] __pollwait+0x54/0xf8
[  429.917813] [<ffff000008255d84>] ep_eventpoll_poll+0x4c/0xa0
[  429.923473] [<ffff000008222fd8>] do_sys_poll+0x248/0x4b8
[  429.928785] [<ffff000008223d84>] SyS_ppoll+0x194/0x1d8
[  429.933922] Exception stack(0xffff00001375bec0 to 0xffff00001375c000)
[  429.940363] bec0: 0000ffff94010e80 000000000000000c 0000ffffeba2d928 0000000000000000
[  429.948191] bee0: 0000000000000000 0000000000000000 0000ffffa5649f10 0000aaaaf9ad2420
[  429.956025] bf00: 0000000000000049 003b9aca00000000 00000000000001ad 000000000da6b821
[  429.963860] bf20: 0000000000000018 0000000062993a25 002103ecf7d5540a 00004c7f901bb05c
[  429.971693] bf40: 0000ffffa65e0a18 0000ffffa61a5208 0000000000003fff 0000ffffa624a000
[  429.979529] bf60: 0000ffffeba2d928 0000ffff94010e80 0000ffffa6510148 0000ffffeba2d994
[  429.987364] bf80: 0000ffffa65e0000 0000000000000ebb 0000000000000001 0000aaaae23b7ff8
[  429.995198] bfa0: 0000000000000000 0000ffffeba2d8e0 0000ffffa61a52d4 0000ffffeba2d8e0
[  430.003033] bfc0: 0000ffffa61a52f4 0000000080000000 0000ffff94010e80 0000000000000049
[  430.010863] bfe0: 0000000000000000 0000000000000000 0000000000000000 0000000000000000
[  430.018696] [<ffff000008083ac0>] el0_svc_naked+0x34/0x38
[  430.026075] Mem-Info:
[  430.028362] active_anon:187869 inactive_anon:15998 isolated_anon:0
[  430.028362]  active_file:41 inactive_file:135 isolated_file:0
[  430.028362]  unevictable:0 dirty:0 writeback:0 unstable:0
[  430.028362]  slab_reclaimable:4055 slab_unreclaimable:10401
[  430.028362]  mapped:4731 shmem:142214 pagetables:602 bounce:0
[  430.028362]  free:5796 free_pcp:217 free_cma:226
[  430.061721] Node 0 active_anon:751476kB inactive_anon:63992kB active_file:340kB inactive_file:840kB unevictable:0kB isolated(anon):0kB isolated(file):0kB mapped:19256kB dirty:0kB writeback:0kB shmem:568856kB shmem_thp: 0kB shmem_pmdmapped: 0kB anon_thp: 57344kB writeback_tmp:0kB unstable:0kB all_unreclaimable? no
[  430.090454] Node 0 DMA free:23492kB min:22528kB low:28160kB high:33792kB active_anon:751476kB inactive_anon:63992kB active_file:300kB inactive_file:844kB unevictable:0kB writepending:0kB present:1048576kB managed:1009636kB mlocked:0kB kernel_stack:2416kB pagetables:2408kB bounce:0kB free_pcp:124kB local_pcp:0kB free_cma:904kB
[  430.119377] lowmem_reserve[]: 0 0 0
[  430.122947] Node 0 DMA: 555*4kB (UMEHC) 165*8kB (UEHC) 181*16kB (UMEHC) 88*32kB (MEHC) 22*64kB (UME) 7*128kB (E) 1*256kB (M) 2*512kB (ME) 10*1024kB (UME) 0*2048kB 0*4096kB 0*8192kB 0*16384kB 0*32768kB = 23076kB
[  430.141735] Node 0 hugepages_total=0 hugepages_free=0 hugepages_surp=0 hugepages_size=2048kB
[  430.150309] 142533 total pagecache pages
[  430.154293] 0 pages in swap cache
[  430.157607] Swap cache stats: add 0, delete 0, find 0/0
[  430.162840] Free swap  = 0kB
[  430.165719] Total swap = 0kB
[  430.168607] 262144 pages RAM
[  430.171496] 0 pages HighMem/MovableOnly
[  430.175340] 9735 pages reserved
[  430.178489] 81920 pages cma reserved
[  430.182073] [ pid ]   uid  tgid total_vm      rss nr_ptes nr_pmds swapents oom_score_adj name
[  430.190643] [ 2042]     0  2042    11487     2292      24       4        0             0 systemd-journal
[  430.200143] [ 2883]     0  2883     4561      342       9       3        0         -1000 systemd-udevd
[  430.209471] [ 3585]   106  3585    22196      233      13       3        0             0 systemd-timesyn
[  430.218975] [ 3691]     0  3691     1649       55       7       3        0             0 bash
[  430.227520] [ 3692]     0  3692     3628      884      10       3        0             0 python3
[  430.236323] [ 3693]     0  3693     1611       52       6       4        0             0 cron
[  430.244869] [ 3694]   105  3694     1500      103       6       3        0             0 avahi-daemon
[  430.254106] [ 3695]   102  3695     1762      225       7       3        0          -900 dbus-daemon
[  430.263256] [ 3696]   105  3696     1467       71       6       3        0             0 avahi-daemon
[  430.272560] [ 3697]     0  3697    81376     1237      26       3        0             0 NetworkManager
[  430.281966] [ 3700]     0  3700     3168      227      10       3        0             0 wpa_supplicant
[  430.291370] [ 3704]     0  3704    73394    34999      79       4        0             0 rsyslogd
[  430.300253] [ 3705]     0  3705     3311      235      11       3        0             0 alsactl
[  430.309113] [ 3709]     0  3709     3757      249      11       4        0             0 systemd-logind
[  430.318522] [ 3776]     0  3776    58085      190      16       3        0             0 polkitd
[  430.327324] [ 3803]     0  3803      567       36       5       4        0             0 hciattach
[  430.336301] [ 3806]     0  3806     2752      119       9       4        0             0 bluetoothd
[  430.345367] [ 3916]     0  3916    28060     2043      24       3        0             0 unattended-upgr
[  430.354863] [ 3925]     0  3925     3024      203       9       3        0         -1000 sshd
[  430.363470] [ 3927]  1000  3927    57975     4472      78       3        0             0 weston
[  430.372188] [ 3936]     0  3936     2167      126       9       4        0             0 login
[  430.380817] [ 3937]     0  3937     1324       26       6       4        0             0 agetty
[  430.389534] [ 3940]   101  3940     2474       83       8       3        0             0 dnsmasq
[  430.398336] [ 3945]  1000  3945     4229      367      12       4        0             0 systemd
[  430.407226] [ 3946]  1000  3946    41700      624      16       4        0             0 (sd-pam)
[  430.416118] [ 3956]  1000  3956    41861      613      16       4        0             0 (sd-pam)
[  430.425008] [ 3959]  1000  3959     4736      869      14       4        0             0 weston-keyboard
[  430.434505] [ 3961]  1000  3961     7451     3573      18       4        0             0 weston-desktop-
[  430.444005] [ 3963]     0  3963     2259      317       8       4        0             0 dhclient
[  430.452895] [ 4013]  1000  4013     1975      401       8       3        0             0 bash
[  430.461438] [ 4016]     0  4016      526       26       5       4        0             0 agetty
[  430.470153] [ 4101]  1000  4101    97785    12386      68       3        0             0 python3
[  430.479021] [ 4123]     0  4123     3391      265      11       3        0             0 sshd
[  430.487564] [ 4134]  1000  4134     3468      292      11       3        0             0 sshd
[  430.496106] [ 4135]  1000  4135     1944      362       8       4        0             0 bash
[  430.504703] Out of memory: Kill process 3704 (rsyslogd) score 134 or sacrifice child
[  430.512543] Killed process 3704 (rsyslogd) total-vm:293576kB, anon-rss:140000kB, file-rss:0kB, shmem-rss:0kB
[  430.557259] oom_reaper: reaped process 3704 (rsyslogd), now anon-rss:0kB, file-rss:0kB, shmem-rss:0kB
[  430.244869] [ 3694]   105  3694     1500      103       6       3        0             0 avahi-daemon
[  430.254106] [ 3695]   102  3695     1762      225       7       3        0          -900 dbus-daemon
[  430.263256] [ 3696]   105  3696     1467       71       6       3        0             0 avahi-daemon
[  430.272560] [ 3697]     0  3697    81376     1237      26       3        0             0 NetworkManager
[  430.281966] [ 3700]     0  3700     3168      227      10       3        0             0 wpa_supplicant
[  430.291370] [ 3704]     0  3704    73394    34999      79       4        0             0 rsyslogd
[  430.300253] [ 3705]     0  3705     3311      235      11       3        0             0 alsactl
[  430.309113] [ 3709]     0  3709     3757      249      11       4        0             0 systemd-logind
[  430.318522] [ 3776]     0  3776    58085      190      16       3        0             0 polkitd
[  430.327324] [ 3803]     0  3803      567       36       5       4        0             0 hciattach
[  430.336301] [ 3806]     0  3806     2752      119       9       4        0             0 bluetoothd
[  430.345367] [ 3916]     0  3916    28060     2043      24       3        0             0 unattended-upgr
[  430.354863] [ 3925]     0  3925     3024      203       9       3        0         -1000 sshd
[  430.363470] [ 3927]  1000  3927    57975     4472      78       3        0             0 weston
[  430.372188] [ 3936]     0  3936     2167      126       9       4        0             0 login
[  430.380817] [ 3937]     0  3937     1324       26       6       4        0             0 agetty
[  430.389534] [ 3940]   101  3940     2474       83       8       3        0             0 dnsmasq
[  430.398336] [ 3945]  1000  3945     4229      367      12       4        0             0 systemd
[  430.407226] [ 3946]  1000  3946    41700      624      16       4        0             0 (sd-pam)
[  430.416118] [ 3956]  1000  3956    41861      613      16       4        0             0 (sd-pam)
[  430.425008] [ 3959]  1000  3959     4736      869      14       4        0             0 weston-keyboard
[  430.434505] [ 3961]  1000  3961     7451     3573      18       4        0             0 weston-desktop-
[  430.444005] [ 3963]     0  3963     2259      317       8       4        0             0 dhclient
[  430.452895] [ 4013]  1000  4013     1975      401       8       3        0             0 bash
[  430.461438] [ 4016]     0  4016      526       26       5       4        0             0 agetty
[  430.470153] [ 4101]  1000  4101    97785    12386      68       3        0             0 python3
[  430.479021] [ 4123]     0  4123     3391      265      11       3        0             0 sshd
[  430.487564] [ 4134]  1000  4134     3468      292      11       3        0             0 sshd
[  430.496106] [ 4135]  1000  4135     1944      362       8       4        0             0 bash
[  430.504703] Out of memory: Kill process 3704 (rsyslogd) score 134 or sacrifice child
[  430.512543] Killed process 3704 (rsyslogd) total-vm:293576kB, anon-rss:140000kB, file-rss:0kB, shmem-rss:0kB
[  430.557259] oom_reaper: reaped process 3704 (rsyslogd), now anon-rss:0kB, file-rss:0kB, shmem-rss:0kB
[  430.236323] [ 3693]     0  3693     1611       52       6       4        0             0 cron
[  430.244869] [ 3694]   105  3694     1500      103       6       3        0             0 avahi-daemon
[  430.254106] [ 3695]   102  3695     1762      225       7       3        0          -900 dbus-daemon
[  430.263256] [ 3696]   105  3696     1467       71       6       3        0             0 avahi-daemon
[  430.272560] [ 3697]     0  3697    81376     1237      26       3        0             0 NetworkManager
[  430.281966] [ 3700]     0  3700     3168      227      10       3        0             0 wpa_supplicant
[  430.291370] [ 3704]     0  3704    73394    34999      79       4        0             0 rsyslogd
[  430.300253] [ 3705]     0  3705     3311      235      11       3        0             0 alsactl
[  430.309113] [ 3709]     0  3709     3757      249      11       4        0             0 systemd-logind
[  430.318522] [ 3776]     0  3776    58085      190      16       3        0             0 polkitd
[  430.327324] [ 3803]     0  3803      567       36       5       4        0             0 hciattach
[  430.336301] [ 3806]     0  3806     2752      119       9       4        0             0 bluetoothd
[  430.345367] [ 3916]     0  3916    28060     2043      24       3        0             0 unattended-upgr
[  430.354863] [ 3925]     0  3925     3024      203       9       3        0         -1000 sshd
[  430.363470] [ 3927]  1000  3927    57975     4472      78       3        0             0 weston
[  430.372188] [ 3936]     0  3936     2167      126       9       4        0             0 login
[  430.380817] [ 3937]     0  3937     1324       26       6       4        0             0 agetty
[  430.389534] [ 3940]   101  3940     2474       83       8       3        0             0 dnsmasq
[  430.398336] [ 3945]  1000  3945     4229      367      12       4        0             0 systemd
[  430.407226] [ 3946]  1000  3946    41700      624      16       4        0             0 (sd-pam)
[  430.416118] [ 3956]  1000  3956    41861      613      16       4        0             0 (sd-pam)
[  430.425008] [ 3959]  1000  3959     4736      869      14       4        0             0 weston-keyboard
[  430.434505] [ 3961]  1000  3961     7451     3573      18       4        0             0 weston-desktop-
[  430.444005] [ 3963]     0  3963     2259      317       8       4        0             0 dhclient
[  430.452895] [ 4013]  1000  4013     1975      401       8       3        0             0 bash
[  430.461438] [ 4016]     0  4016      526       26       5       4        0             0 agetty
[  430.470153] [ 4101]  1000  4101    97785    12386      68       3        0             0 python3
[  430.479021] [ 4123]     0  4123     3391      265      11       3        0             0 sshd
[  430.487564] [ 4134]  1000  4134     3468      292      11       3        0             0 sshd
[  430.496106] [ 4135]  1000  4135     1944      362       8       4        0             0 bash
[  430.504703] Out of memory: Kill process 3704 (rsyslogd) score 134 or sacrifice child
[  430.512543] Killed process 3704 (rsyslogd) total-vm:293576kB, anon-rss:140000kB, file-rss:0kB, shmem-rss:0kB
[  430.557259] oom_reaper: reaped process 3704 (rsyslogd), now anon-rss:0kB, file-rss:0kB, shmem-rss:0kB
[  430.227520] [ 3692]     0  3692     3628      884      10       3        0             0 python3
[  430.236323] [ 3693]     0  3693     1611       52       6       4        0             0 cron
[  430.244869] [ 3694]   105  3694     1500      103       6       3        0             0 avahi-daemon
[  430.254106] [ 3695]   102  3695     1762      225       7       3        0          -900 dbus-daemon
[  430.263256] [ 3696]   105  3696     1467       71       6       3        0             0 avahi-daemon
[  430.272560] [ 3697]     0  3697    81376     1237      26       3        0             0 NetworkManager
[  430.281966] [ 3700]     0  3700     3168      227      10       3        0             0 wpa_supplicant
[  430.291370] [ 3704]     0  3704    73394    34999      79       4        0             0 rsyslogd
[  430.300253] [ 3705]     0  3705     3311      235      11       3        0             0 alsactl
[  430.309113] [ 3709]     0  3709     3757      249      11       4        0             0 systemd-logind
[  430.318522] [ 3776]     0  3776    58085      190      16       3        0             0 polkitd
[  430.327324] [ 3803]     0  3803      567       36       5       4        0             0 hciattach
[  430.336301] [ 3806]     0  3806     2752      119       9       4        0             0 bluetoothd
[  430.345367] [ 3916]     0  3916    28060     2043      24       3        0             0 unattended-upgr
[  430.354863] [ 3925]     0  3925     3024      203       9       3        0         -1000 sshd
[  430.363470] [ 3927]  1000  3927    57975     4472      78       3        0             0 weston
[  430.372188] [ 3936]     0  3936     2167      126       9       4        0             0 login
[  430.380817] [ 3937]     0  3937     1324       26       6       4        0             0 agetty
[  430.389534] [ 3940]   101  3940     2474       83       8       3        0             0 dnsmasq
[  430.398336] [ 3945]  1000  3945     4229      367      12       4        0             0 systemd
[  430.407226] [ 3946]  1000  3946    41700      624      16       4        0             0 (sd-pam)
[  430.416118] [ 3956]  1000  3956    41861      613      16       4        0             0 (sd-pam)
[  430.425008] [ 3959]  1000  3959     4736      869      14       4        0             0 weston-keyboard
[  430.434505] [ 3961]  1000  3961     7451     3573      18       4        0             0 weston-desktop-
[  430.444005] [ 3963]     0  3963     2259      317       8       4        0             0 dhclient
[  430.452895] [ 4013]  1000  4013     1975      401       8       3        0             0 bash
[  430.461438] [ 4016]     0  4016      526       26       5       4        0             0 agetty
[  430.470153] [ 4101]  1000  4101    97785    12386      68       3        0             0 python3
[  430.479021] [ 4123]     0  4123     3391      265      11       3        0             0 sshd
[  430.487564] [ 4134]  1000  4134     3468      292      11       3        0             0 sshd
[  430.496106] [ 4135]  1000  4135     1944      362       8       4        0             0 bash
[  430.504703] Out of memory: Kill process 3704 (rsyslogd) score 134 or sacrifice child
[  430.512543] Killed process 3704 (rsyslogd) total-vm:293576kB, anon-rss:140000kB, file-rss:0kB, shmem-rss:0kB
[  430.557259] oom_reaper: reaped process 3704 (rsyslogd), now anon-rss:0kB, file-rss:0kB, shmem-rss:0kB
[  430.218975] [ 3691]     0  3691     1649       55       7       3        0             0 bash
[  430.227520] [ 3692]     0  3692     3628      884      10       3        0             0 python3
[  430.236323] [ 3693]     0  3693     1611       52       6       4        0             0 cron
[  430.244869] [ 3694]   105  3694     1500      103       6       3        0             0 avahi-daemon
[  430.254106] [ 3695]   102  3695     1762      225       7       3        0          -900 dbus-daemon
[  430.263256] [ 3696]   105  3696     1467       71       6       3        0             0 avahi-daemon
[  430.272560] [ 3697]     0  3697    81376     1237      26       3        0             0 NetworkManager
[  430.281966] [ 3700]     0  3700     3168      227      10       3        0             0 wpa_supplicant
[  430.291370] [ 3704]     0  3704    73394    34999      79       4        0             0 rsyslogd
[  430.300253] [ 3705]     0  3705     3311      235      11       3        0             0 alsactl
[  430.309113] [ 3709]     0  3709     3757      249      11       4        0             0 systemd-logind
[  430.318522] [ 3776]     0  3776    58085      190      16       3        0             0 polkitd
[  430.327324] [ 3803]     0  3803      567       36       5       4        0             0 hciattach
[  430.336301] [ 3806]     0  3806     2752      119       9       4        0             0 bluetoothd
[  430.345367] [ 3916]     0  3916    28060     2043      24       3        0             0 unattended-upgr
[  430.354863] [ 3925]     0  3925     3024      203       9       3        0         -1000 sshd
[  430.363470] [ 3927]  1000  3927    57975     4472      78       3        0             0 weston
[  430.372188] [ 3936]     0  3936     2167      126       9       4        0             0 login
[  430.380817] [ 3937]     0  3937     1324       26       6       4        0             0 agetty
[  430.389534] [ 3940]   101  3940     2474       83       8       3        0             0 dnsmasq
[  430.398336] [ 3945]  1000  3945     4229      367      12       4        0             0 systemd
[  430.407226] [ 3946]  1000  3946    41700      624      16       4        0             0 (sd-pam)
[  430.416118] [ 3956]  1000  3956    41861      613      16       4        0             0 (sd-pam)
[  430.425008] [ 3959]  1000  3959     4736      869      14       4        0             0 weston-keyboard
[  430.434505] [ 3961]  1000  3961     7451     3573      18       4        0             0 weston-desktop-
[  430.444005] [ 3963]     0  3963     2259      317       8       4        0             0 dhclient
[  430.452895] [ 4013]  1000  4013     1975      401       8       3        0             0 bash
[  430.461438] [ 4016]     0  4016      526       26       5       4        0             0 agetty
[  430.470153] [ 4101]  1000  4101    97785    12386      68       3        0             0 python3
[  430.479021] [ 4123]     0  4123     3391      265      11       3        0             0 sshd
[  430.487564] [ 4134]  1000  4134     3468      292      11       3        0             0 sshd
[  430.496106] [ 4135]  1000  4135     1944      362       8       4        0             0 bash
[  430.504703] Out of memory: Kill process 3704 (rsyslogd) score 134 or sacrifice child
[  430.512543] Killed process 3704 (rsyslogd) total-vm:293576kB, anon-rss:140000kB, file-rss:0kB, shmem-rss:0kB
[  430.557259] oom_reaper: reaped process 3704 (rsyslogd), now anon-rss:0kB, file-rss:0kB, shmem-rss:0kB
[  430.209471] [ 3585]   106  3585    22196      233      13       3        0             0 systemd-timesyn
[  430.218975] [ 3691]     0  3691     1649       55       7       3        0             0 bash
[  430.227520] [ 3692]     0  3692     3628      884      10       3        0             0 python3
[  430.236323] [ 3693]     0  3693     1611       52       6       4        0             0 cron
[  430.244869] [ 3694]   105  3694     1500      103       6       3        0             0 avahi-daemon
[  430.254106] [ 3695]   102  3695     1762      225       7       3        0          -900 dbus-daemon
[  430.263256] [ 3696]   105  3696     1467       71       6       3        0             0 avahi-daemon
[  430.272560] [ 3697]     0  3697    81376     1237      26       3        0             0 NetworkManager
[  430.281966] [ 3700]     0  3700     3168      227      10       3        0             0 wpa_supplicant
[  430.291370] [ 3704]     0  3704    73394    34999      79       4        0             0 rsyslogd
[  430.300253] [ 3705]     0  3705     3311      235      11       3        0             0 alsactl
[  430.309113] [ 3709]     0  3709     3757      249      11       4        0             0 systemd-logind
[  430.318522] [ 3776]     0  3776    58085      190      16       3        0             0 polkitd
[  430.327324] [ 3803]     0  3803      567       36       5       4        0             0 hciattach
[  430.336301] [ 3806]     0  3806     2752      119       9       4        0             0 bluetoothd
[  430.345367] [ 3916]     0  3916    28060     2043      24       3        0             0 unattended-upgr
[  430.354863] [ 3925]     0  3925     3024      203       9       3        0         -1000 sshd
[  430.363470] [ 3927]  1000  3927    57975     4472      78       3        0             0 weston
[  430.372188] [ 3936]     0  3936     2167      126       9       4        0             0 login
[  430.380817] [ 3937]     0  3937     1324       26       6       4        0             0 agetty
[  430.389534] [ 3940]   101  3940     2474       83       8       3        0             0 dnsmasq
[  430.398336] [ 3945]  1000  3945     4229      367      12       4        0             0 systemd
[  430.407226] [ 3946]  1000  3946    41700      624      16       4        0             0 (sd-pam)
[  430.416118] [ 3956]  1000  3956    41861      613      16       4        0             0 (sd-pam)
[  430.425008] [ 3959]  1000  3959     4736      869      14       4        0             0 weston-keyboard
[  430.434505] [ 3961]  1000  3961     7451     3573      18       4        0             0 weston-desktop-
[  430.444005] [ 3963]     0  3963     2259      317       8       4        0             0 dhclient
[  430.452895] [ 4013]  1000  4013     1975      401       8       3        0             0 bash
[  430.461438] [ 4016]     0  4016      526       26       5       4        0             0 agetty
[  430.470153] [ 4101]  1000  4101    97785    12386      68       3        0             0 python3
[  430.479021] [ 4123]     0  4123     3391      265      11       3        0             0 sshd
[  430.487564] [ 4134]  1000  4134     3468      292      11       3        0             0 sshd
[  430.496106] [ 4135]  1000  4135     1944      362       8       4        0             0 bash
[  430.504703] Out of memory: Kill process 3704 (rsyslogd) score 134 or sacrifice child
[  430.512543] Killed process 3704 (rsyslogd) total-vm:293576kB, anon-rss:140000kB, file-rss:0kB, shmem-rss:0kB
[  430.557259] oom_reaper: reaped process 3704 (rsyslogd), now anon-rss:0kB, file-rss:0kB, shmem-rss:0kB
[  430.200143] [ 2883]     0  2883     4561      342       9       3        0         -1000 systemd-udevd
[  430.209471] [ 3585]   106  3585    22196      233      13       3        0             0 systemd-timesyn
[  430.218975] [ 3691]     0  3691     1649       55       7       3        0             0 bash
[  430.227520] [ 3692]     0  3692     3628      884      10       3        0             0 python3
[  430.236323] [ 3693]     0  3693     1611       52       6       4        0             0 cron
[  430.244869] [ 3694]   105  3694     1500      103       6       3        0             0 avahi-daemon
[  430.254106] [ 3695]   102  3695     1762      225       7       3        0          -900 dbus-daemon
[  430.263256] [ 3696]   105  3696     1467       71       6       3        0             0 avahi-daemon
[  430.272560] [ 3697]     0  3697    81376     1237      26       3        0             0 NetworkManager
[  430.281966] [ 3700]     0  3700     3168      227      10       3        0             0 wpa_supplicant
[  430.291370] [ 3704]     0  3704    73394    34999      79       4        0             0 rsyslogd
[  430.300253] [ 3705]     0  3705     3311      235      11       3        0             0 alsactl
[  430.309113] [ 3709]     0  3709     3757      249      11       4        0             0 systemd-logind
[  430.318522] [ 3776]     0  3776    58085      190      16       3        0             0 polkitd
[  430.327324] [ 3803]     0  3803      567       36       5       4        0             0 hciattach
[  430.336301] [ 3806]     0  3806     2752      119       9       4        0             0 bluetoothd
[  430.345367] [ 3916]     0  3916    28060     2043      24       3        0             0 unattended-upgr
[  430.354863] [ 3925]     0  3925     3024      203       9       3        0         -1000 sshd
[  430.363470] [ 3927]  1000  3927    57975     4472      78       3        0             0 weston
[  430.372188] [ 3936]     0  3936     2167      126       9       4        0             0 login
[  430.380817] [ 3937]     0  3937     1324       26       6       4        0             0 agetty
[  430.389534] [ 3940]   101  3940     2474       83       8       3        0             0 dnsmasq
[  430.398336] [ 3945]  1000  3945     4229      367      12       4        0             0 systemd
[  430.407226] [ 3946]  1000  3946    41700      624      16       4        0             0 (sd-pam)
[  430.416118] [ 3956]  1000  3956    41861      613      16       4        0             0 (sd-pam)
[  430.425008] [ 3959]  1000  3959     4736      869      14       4        0             0 weston-keyboard
[  430.434505] [ 3961]  1000  3961     7451     3573      18       4        0             0 weston-desktop-
[  430.444005] [ 3963]     0  3963     2259      317       8       4        0             0 dhclient
[  430.452895] [ 4013]  1000  4013     1975      401       8       3        0             0 bash
[  430.461438] [ 4016]     0  4016      526       26       5       4        0             0 agetty
[  430.470153] [ 4101]  1000  4101    97785    12386      68       3        0             0 python3
[  430.479021] [ 4123]     0  4123     3391      265      11       3        0             0 sshd
[  430.487564] [ 4134]  1000  4134     3468      292      11       3        0             0 sshd
[  430.496106] [ 4135]  1000  4135     1944      362       8       4        0             0 bash
[  430.504703] Out of memory: Kill process 3704 (rsyslogd) score 134 or sacrifice child
[  430.512543] Killed process 3704 (rsyslogd) total-vm:293576kB, anon-rss:140000kB, file-rss:0kB, shmem-rss:0kB
[  430.557259] oom_reaper: reaped process 3704 (rsyslogd), now anon-rss:0kB, file-rss:0kB, shmem-rss:0kB
[  430.190643] [ 2042]     0  2042    11487     2292      24       4        0             0 systemd-journal
[  430.200143] [ 2883]     0  2883     4561      342       9       3        0         -1000 systemd-udevd
[  430.209471] [ 3585]   106  3585    22196      233      13       3        0             0 systemd-timesyn
[  430.218975] [ 3691]     0  3691     1649       55       7       3        0             0 bash
[  430.227520] [ 3692]     0  3692     3628      884      10       3        0             0 python3
[  430.236323] [ 3693]     0  3693     1611       52       6       4        0             0 cron
[  430.244869] [ 3694]   105  3694     1500      103       6       3        0             0 avahi-daemon
[  430.254106] [ 3695]   102  3695     1762      225       7       3        0          -900 dbus-daemon
[  430.263256] [ 3696]   105  3696     1467       71       6       3        0             0 avahi-daemon
[  430.272560] [ 3697]     0  3697    81376     1237      26       3        0             0 NetworkManager
[  430.281966] [ 3700]     0  3700     3168      227      10       3        0             0 wpa_supplicant
[  430.291370] [ 3704]     0  3704    73394    34999      79       4        0             0 rsyslogd
[  430.300253] [ 3705]     0  3705     3311      235      11       3        0             0 alsactl
[  430.309113] [ 3709]     0  3709     3757      249      11       4        0             0 systemd-logind
[  430.318522] [ 3776]     0  3776    58085      190      16       3        0             0 polkitd
[  430.327324] [ 3803]     0  3803      567       36       5       4        0             0 hciattach
[  430.336301] [ 3806]     0  3806     2752      119       9       4        0             0 bluetoothd
[  430.345367] [ 3916]     0  3916    28060     2043      24       3        0             0 unattended-upgr
[  430.354863] [ 3925]     0  3925     3024      203       9       3        0         -1000 sshd
[  430.363470] [ 3927]  1000  3927    57975     4472      78       3        0             0 weston
[  430.372188] [ 3936]     0  3936     2167      126       9       4        0             0 login
[  430.380817] [ 3937]     0  3937     1324       26       6       4        0             0 agetty
[  430.389534] [ 3940]   101  3940     2474       83       8       3        0             0 dnsmasq
[  430.398336] [ 3945]  1000  3945     4229      367      12       4        0             0 systemd
[  430.407226] [ 3946]  1000  3946    41700      624      16       4        0             0 (sd-pam)
[  430.416118] [ 3956]  1000  3956    41861      613      16       4        0             0 (sd-pam)
[  430.425008] [ 3959]  1000  3959     4736      869      14       4        0             0 weston-keyboard
[  430.434505] [ 3961]  1000  3961     7451     3573      18       4        0             0 weston-desktop-
[  430.444005] [ 3963]     0  3963     2259      317       8       4        0             0 dhclient
[  430.452895] [ 4013]  1000  4013     1975      401       8       3        0             0 bash
[  430.461438] [ 4016]     0  4016      526       26       5       4        0             0 agetty
[  430.470153] [ 4101]  1000  4101    97785    12386      68       3        0             0 python3
[  430.479021] [ 4123]     0  4123     3391      265      11       3        0             0 sshd
[  430.487564] [ 4134]  1000  4134     3468      292      11       3        0             0 sshd
[  430.496106] [ 4135]  1000  4135     1944      362       8       4        0             0 bash
[  430.504703] Out of memory: Kill process 3704 (rsyslogd) score 134 or sacrifice child
[  430.512543] Killed process 3704 (rsyslogd) total-vm:293576kB, anon-rss:140000kB, file-rss:0kB, shmem-rss:0kB
[  430.557259] oom_reaper: reaped process 3704 (rsyslogd), now anon-rss:0kB, file-rss:0kB, shmem-rss:0kB
[  430.200143] [ 2883]     0  2883     4561      342       9       3        0         -1000 systemd-udevd
[  430.209471] [ 3585]   106  3585    22196      233      13       3        0             0 systemd-timesyn
[  430.218975] [ 3691]     0  3691     1649       55       7       3        0             0 bash
[  430.227520] [ 3692]     0  3692     3628      884      10       3        0             0 python3
[  430.236323] [ 3693]     0  3693     1611       52       6       4        0             0 cron
[  430.244869] [ 3694]   105  3694     1500      103       6       3        0             0 avahi-daemon
[  430.254106] [ 3695]   102  3695     1762      225       7       3        0          -900 dbus-daemon
[  430.263256] [ 3696]   105  3696     1467       71       6       3        0             0 avahi-daemon
[  430.272560] [ 3697]     0  3697    81376     1237      26       3        0             0 NetworkManager
[  430.281966] [ 3700]     0  3700     3168      227      10       3        0             0 wpa_supplicant
[  430.291370] [ 3704]     0  3704    73394    34999      79       4        0             0 rsyslogd
[  430.300253] [ 3705]     0  3705     3311      235      11       3        0             0 alsactl
[  430.309113] [ 3709]     0  3709     3757      249      11       4        0             0 systemd-logind
[  430.318522] [ 3776]     0  3776    58085      190      16       3        0             0 polkitd
[  430.327324] [ 3803]     0  3803      567       36       5       4        0             0 hciattach
[  430.336301] [ 3806]     0  3806     2752      119       9       4        0             0 bluetoothd
[  430.345367] [ 3916]     0  3916    28060     2043      24       3        0             0 unattended-upgr
[  430.354863] [ 3925]     0  3925     3024      203       9       3        0         -1000 sshd
[  430.363470] [ 3927]  1000  3927    57975     4472      78       3        0             0 weston
[  430.372188] [ 3936]     0  3936     2167      126       9       4        0             0 login
[  430.380817] [ 3937]     0  3937     1324       26       6       4        0             0 agetty
[  430.389534] [ 3940]   101  3940     2474       83       8       3        0             0 dnsmasq
[  430.398336] [ 3945]  1000  3945     4229      367      12       4        0             0 systemd
[  430.407226] [ 3946]  1000  3946    41700      624      16       4        0             0 (sd-pam)
[  430.416118] [ 3956]  1000  3956    41861      613      16       4        0             0 (sd-pam)
[  430.425008] [ 3959]  1000  3959     4736      869      14       4        0             0 weston-keyboard
[  430.434505] [ 3961]  1000  3961     7451     3573      18       4        0             0 weston-desktop-
[  430.444005] [ 3963]     0  3963     2259      317       8       4        0             0 dhclient
[  430.452895] [ 4013]  1000  4013     1975      401       8       3        0             0 bash
[  430.461438] [ 4016]     0  4016      526       26       5       4        0             0 agetty
[  430.470153] [ 4101]  1000  4101    97785    12386      68       3        0             0 python3
[  430.479021] [ 4123]     0  4123     3391      265      11       3        0             0 sshd
[  430.487564] [ 4134]  1000  4134     3468      292      11       3        0             0 sshd
[  430.496106] [ 4135]  1000  4135     1944      362       8       4        0             0 bash
[  430.504703] Out of memory: Kill process 3704 (rsyslogd) score 134 or sacrifice child
[  430.512543] Killed process 3704 (rsyslogd) total-vm:293576kB, anon-rss:140000kB, file-rss:0kB, shmem-rss:0kB
[  430.557259] oom_reaper: reaped process 3704 (rsyslogd), now anon-rss:0kB, file-rss:0kB, shmem-rss:0kB
[  430.209471] [ 3585]   106  3585    22196      233      13       3        0             0 systemd-timesyn
[  430.218975] [ 3691]     0  3691     1649       55       7       3        0             0 bash
[  430.227520] [ 3692]     0  3692     3628      884      10       3        0             0 python3
[  430.236323] [ 3693]     0  3693     1611       52       6       4        0             0 cron
[  430.244869] [ 3694]   105  3694     1500      103       6       3        0             0 avahi-daemon
[  430.254106] [ 3695]   102  3695     1762      225       7       3        0          -900 dbus-daemon
[  430.263256] [ 3696]   105  3696     1467       71       6       3        0             0 avahi-daemon
[  430.272560] [ 3697]     0  3697    81376     1237      26       3        0             0 NetworkManager
[  430.281966] [ 3700]     0  3700     3168      227      10       3        0             0 wpa_supplicant
[  430.291370] [ 3704]     0  3704    73394    34999      79       4        0             0 rsyslogd
[  430.300253] [ 3705]     0  3705     3311      235      11       3        0             0 alsactl
[  430.309113] [ 3709]     0  3709     3757      249      11       4        0             0 systemd-logind
[  430.318522] [ 3776]     0  3776    58085      190      16       3        0             0 polkitd
[  430.327324] [ 3803]     0  3803      567       36       5       4        0             0 hciattach
[  430.336301] [ 3806]     0  3806     2752      119       9       4        0             0 bluetoothd
[  430.345367] [ 3916]     0  3916    28060     2043      24       3        0             0 unattended-upgr
[  430.354863] [ 3925]     0  3925     3024      203       9       3        0         -1000 sshd
[  430.363470] [ 3927]  1000  3927    57975     4472      78       3        0             0 weston
[  430.372188] [ 3936]     0  3936     2167      126       9       4        0             0 login
[  430.380817] [ 3937]     0  3937     1324       26       6       4        0             0 agetty
[  430.389534] [ 3940]   101  3940     2474       83       8       3        0             0 dnsmasq
[  430.398336] [ 3945]  1000  3945     4229      367      12       4        0             0 systemd
[  430.407226] [ 3946]  1000  3946    41700      624      16       4        0             0 (sd-pam)
[  430.416118] [ 3956]  1000  3956    41861      613      16       4        0             0 (sd-pam)
